[2J[01;01H[=3h[2J[01;01H

     Press [Enter] to directly boot.
     Press [F2]    to enter setup and select boot options.
     Press [F7]    to show boot menu options.

     Copyright (c) 2006-2024, Intel Corporation.
System BootOrder not found.  Initializing defaults.
Creating boot entry "Boot0005" with label "CentOS Linux" for file "\EFI\centos\shimx64.efi"

[H[J[1;1H[?25l[m[H[J[1;1H[2;32HGRUB version 2.06

[m[4;2H+----------------------------------------------------------------------------+[5;2H|[5;79H|[6;2H|[6;79H|[7;2H|[7;79H|[8;2H|[8;79H|[9;2H|[9;79H|[10;2H|[10;79H|[11;2H|[11;79H|[12;2H|[12;79H|[13;2H|[13;79H|[14;2H|[14;79H|[15;2H|[15;79H|[16;2H+----------------------------------------------------------------------------+[m[17;2H[18;2H[m     Use the ^ and v keys to select which entry is highlighted.          
      Press enter to boot the selected OS, `e' to edit the commands       
      before booting or `c' for a command-line. ESC to return             
      previous menu.                                                      [5;80H [7m[5;3H*CentOS Stream (6.9.0-dmr.bkc.6.9.3.6.5.x86_64) 9                           [m[5;78H[m[m[6;3H CentOS Stream (5.14.0-410.el9.x86_64) 9                                    [m[6;78H[m[m[7;3H UEFI Firmware Settings                                                     [m[7;78H[m[m[8;3H                                                                            [m[8;78H[m[m[9;3H                                                                            [m[9;78H[m[m[10;3H                                                                            [m[10;78H[m[m[11;3H                                                                            [m[11;78H[m[m[12;3H                                                                            [m[12;78H[m[m[13;3H                                                                            [m[13;78H[m[m[14;3H                                                                            [m[14;78H[m[m[15;3H                                                                            [m[15;78H[m[15;80H [5;78H[0m[30m[40m[2J[01;01H[0m[37m[40m[02;32HGRUB version 2.06

[04;02H/----------------------------------------------------------------------------\[05;02H|[05;79H|[06;02H|[06;79H|[07;02H|[07;79H|[08;02H|[08;79H|[09;02H|[09;79H|[10;02H|[10;79H|[11;02H|[11;79H|[12;02H|[12;79H|[13;02H|[13;79H|[14;02H|[14;79H|[15;02H|[15;79H|[16;02H|[16;79H|[17;02H\----------------------------------------------------------------------------/[18;02H[19;02H     Use the ^ and v keys to select which entry is highlighted.          
      Press enter to boot the selected OS, `e' to edit the commands       
      before booting or `c' for a command-line. ESC to return previous    
      menu.                                                               [05;80H [0m[30m[47m[05;03H*CentOS Stream (6.9.0-dmr.bkc.6.9.3.6.5.x86_64) 9                           [0m[37m[40m[05;78H[06;03H CentOS Stream (5.14.0-410.el9.x86_64) 9                                    [06;78H[07;03H UEFI Firmware Settings                                                     [07;78H[08;03H                                                                            [08;78H[09;03H                                                                            [09;78H[10;03H                                                                            [10;78H[11;03H                                                                            [11;78H[12;03H                                                                            [12;78H[13;03H                                                                            [13;78H[14;03H                                                                            [14;78H[15;03H                                                                            [15;78H[16;03H                                                                            [16;78H[16;80H [05;78H[23;01H   The highlighted entry will be executed automatically in 5s.                 [05;78H[22;1H   The highlighted entry will be executed automatically in 5s.                 [5;78H[23;01H                                                                               [24;01H                                                                               [05;78H[22;1H                                                                               [23;1H                                                                               [5;78H[0m[30m[40m[2J[01;01H[0m[37m[40m[?25h[H[J[1;1H[m[H[J[1;1H[2;32HGRUB version 2.06

[m[4;2H+----------------------------------------------------------------------------+[5;2H|[5;79H|[6;2H|[6;79H|[7;2H|[7;79H|[8;2H|[8;79H|[9;2H|[9;79H|[10;2H|[10;79H|[11;2H|[11;79H|[12;2H|[12;79H|[13;2H|[13;79H|[14;2H|[14;79H|[15;2H|[15;79H|[16;2H|[16;79H|[17;2H+----------------------------------------------------------------------------+[m[18;2H[19;2H[m     Minimum Emacs-like screen editing is supported. TAB lists           
      completions. Press Ctrl-x or F10 to boot, Ctrl-c or F2 for          
      a command-line or ESC to discard edits and return to the GRUB menu. [0m[30m[40m[2J[01;01H[0m[37m[40m[02;32HGRUB version 2.06

[04;02H/----------------------------------------------------------------------------\[05;02H|[05;79H|[06;02H|[06;79H|[07;02H|[07;79H|[08;02H|[08;79H|[09;02H|[09;79H|[10;02H|[10;79H|[11;02H|[11;79H|[12;02H|[12;79H|[13;02H|[13;79H|[14;02H|[14;79H|[15;02H|[15;79H|[16;02H|[16;79H|[17;02H|[17;79H|[18;02H\----------------------------------------------------------------------------/[19;02H[20;02H     Minimum Emacs-like screen editing is supported. TAB lists           
      completions. Press Ctrl-x or F10 to boot, Ctrl-c or F2 for a        
      command-line or ESC to discard edits and return to the GRUB menu.   [?25l[5;3Hload_video                                                                  [6;3Hset gfxpayload=keep                                                         [7;3Hinsmod gzio                                                                 [8;3Hlinux ($root)/boot/vmlinuz-6.9.0-dmr.bkc.6.9.3.6.5.x86_64 root=UUID=f803d89\
[9;3Hd-0fa5-4263-b3c0-cc59328b1c9d ro crashkernel=1G-4G:192M,4G-64G:256M,64G-:51\
[10;3H2M selinux=0 console=tty0 console=ttyS0,115200n8 earlyprintk=ttyS0,115200 i\
[11;3Hntel_iommu=on,sm_on,sats_on numa_balancing=disable tsc=recalibrate kvm_inte\
[12;3Hl.tdx=on nohibernate ignore_loglevel fred=on pci=nodomains                  [13;3Hinitrd ($root)/boot/initramfs-6.9.0-dmr.bkc.6.9.3.6.5.x86_64.img $tuned_ini\
[14;3Htrd                                                                         [15;3H                                                                            [16;3H                                                                            [5;80H [16;80H [5;3H[?25h[05;03Hload_video                                                                  [06;03Hset gfxpayload=keep                                                         [07;03Hinsmod gzio                                                                 [08;03Hlinux ($root)/boot/vmlinuz-6.9.0-dmr.bkc.6.9.3.6.5.x86_64 root=UUID=f803d89\
[09;03Hd-0fa5-4263-b3c0-cc59328b1c9d ro crashkernel=1G-4G:192M,4G-64G:256M,64G-:51\
[10;03H2M selinux=0 console=tty0 console=ttyS0,115200n8 earlyprintk=ttyS0,115200 i\
[11;03Hntel_iommu=on,sm_on,sats_on numa_balancing=disable tsc=recalibrate kvm_inte\
[12;03Hl.tdx=on nohibernate ignore_loglevel fred=on pci=nodomains                  [13;03Hinitrd ($root)/boot/initramfs-6.9.0-dmr.bkc.6.9.3.6.5.x86_64.img $tuned_ini\
[14;03Htrd                                                                         [15;03H                                                                            [16;03H                                                                            [17;03H                                                                            [05;80H [17;80H [05;03H[?25h[?25l[6;3H[?25h[06;03H[?25l[7;3H[?25h[07;03H[?25l[8;3H[?25h[08;03H[?25l[13;3H[?25h[13;03H[?25l[12;61H[?25h[12;61H[?25l[12;60H[?25h[12;60H[?25l[12;59H[?25h[12;59H[?25l[12;58H[?25h[12;58H[?25l[12;57H[?25h[12;57H[?25l[12;56H[?25h[12;56H[?25l[12;55H[?25h[12;55H[?25l[12;54H[?25h[12;54H[?25l[12;53H[?25h[12;53H[?25l[12;52H[?25h[12;52H[?25l[12;51H[?25h[12;51H[?25l[12;50H[?25h[12;50H[?25l[12;49H[?25h[12;49H[?25l[12;48H[?25h[12;48H[?25l[12;47H[?25h[12;47H[?25l[12;46H[?25h[12;46H[?25l[12;45H[?25h[12;45H[?25l[12;44H[?25h[12;44H[?25l[12;43H[?25h[12;43H[?25l[12;42H[?25h[12;42H[?25l[12;41H[?25h[12;41H[?25l[12;40H[?25h[12;40H[?25l[8;3Hlinux ($root)/boot/vmlinuz-6.9.0-dmr.bkc.6.9.3.6.5.x86_64 root=UUID=f803d89\
[9;3Hd-0fa5-4263-b3c0-cc59328b1c9d ro crashkernel=1G-4G:192M,4G-64G:256M,64G-:51\
[10;3H2M selinux=0 console=tty0 console=ttyS0,115200n8 earlyprintk=ttyS0,115200 i\
[11;3Hntel_iommu=on,sm_on,sats_on numa_balancing=disable tsc=recalibrate kvm_inte\
[12;3Hl.tdx=on nohibernate ignore_loglevel red=on pci=nodomains                   [12;40H[?25h[08;03Hlinux ($root)/boot/vmlinuz-6.9.0-dmr.bkc.6.9.3.6.5.x86_64 root=UUID=f803d89\
[09;03Hd-0fa5-4263-b3c0-cc59328b1c9d ro crashkernel=1G-4G:192M,4G-64G:256M,64G-:51\
[10;03H2M selinux=0 console=tty0 console=ttyS0,115200n8 earlyprintk=ttyS0,115200 i\
[11;03Hntel_iommu=on,sm_on,sats_on numa_balancing=disable tsc=recalibrate kvm_inte\
[12;03Hl.tdx=on nohibernate ignore_loglevel red=on pci=nodomains                   [12;40H[?25l[8;3Hlinux ($root)/boot/vmlinuz-6.9.0-dmr.bkc.6.9.3.6.5.x86_64 root=UUID=f803d89\
[9;3Hd-0fa5-4263-b3c0-cc59328b1c9d ro crashkernel=1G-4G:192M,4G-64G:256M,64G-:51\
[10;3H2M selinux=0 console=tty0 console=ttyS0,115200n8 earlyprintk=ttyS0,115200 i\
[11;3Hntel_iommu=on,sm_on,sats_on numa_balancing=disable tsc=recalibrate kvm_inte\
[12;3Hl.tdx=on nohibernate ignore_loglevel ed=on pci=nodomains                    [12;40H[?25h[08;03Hlinux ($root)/boot/vmlinuz-6.9.0-dmr.bkc.6.9.3.6.5.x86_64 root=UUID=f803d89\
[09;03Hd-0fa5-4263-b3c0-cc59328b1c9d ro crashkernel=1G-4G:192M,4G-64G:256M,64G-:51\
[10;03H2M selinux=0 console=tty0 console=ttyS0,115200n8 earlyprintk=ttyS0,115200 i\
[11;03Hntel_iommu=on,sm_on,sats_on numa_balancing=disable tsc=recalibrate kvm_inte\
[12;03Hl.tdx=on nohibernate ignore_loglevel ed=on pci=nodomains                    [12;40H[?25l[8;3Hlinux ($root)/boot/vmlinuz-6.9.0-dmr.bkc.6.9.3.6.5.x86_64 root=UUID=f803d89\
[9;3Hd-0fa5-4263-b3c0-cc59328b1c9d ro crashkernel=1G-4G:192M,4G-64G:256M,64G-:51\
[10;3H2M selinux=0 console=tty0 console=ttyS0,115200n8 earlyprintk=ttyS0,115200 i\
[11;3Hntel_iommu=on,sm_on,sats_on numa_balancing=disable tsc=recalibrate kvm_inte\
[12;3Hl.tdx=on nohibernate ignore_loglevel d=on pci=nodomains                     [12;40H[?25h[08;03Hlinux ($root)/boot/vmlinuz-6.9.0-dmr.bkc.6.9.3.6.5.x86_64 root=UUID=f803d89\
[09;03Hd-0fa5-4263-b3c0-cc59328b1c9d ro crashkernel=1G-4G:192M,4G-64G:256M,64G-:51\
[10;03H2M selinux=0 console=tty0 console=ttyS0,115200n8 earlyprintk=ttyS0,115200 i\
[11;03Hntel_iommu=on,sm_on,sats_on numa_balancing=disable tsc=recalibrate kvm_inte\
[12;03Hl.tdx=on nohibernate ignore_loglevel d=on pci=nodomains                     [12;40H[?25l[8;3Hlinux ($root)/boot/vmlinuz-6.9.0-dmr.bkc.6.9.3.6.5.x86_64 root=UUID=f803d89\
[9;3Hd-0fa5-4263-b3c0-cc59328b1c9d ro crashkernel=1G-4G:192M,4G-64G:256M,64G-:51\
[10;3H2M selinux=0 console=tty0 console=ttyS0,115200n8 earlyprintk=ttyS0,115200 i\
[11;3Hntel_iommu=on,sm_on,sats_on numa_balancing=disable tsc=recalibrate kvm_inte\
[12;3Hl.tdx=on nohibernate ignore_loglevel =on pci=nodomains                      [12;40H[?25h[08;03Hlinux ($root)/boot/vmlinuz-6.9.0-dmr.bkc.6.9.3.6.5.x86_64 root=UUID=f803d89\
[09;03Hd-0fa5-4263-b3c0-cc59328b1c9d ro crashkernel=1G-4G:192M,4G-64G:256M,64G-:51\
[10;03H2M selinux=0 console=tty0 console=ttyS0,115200n8 earlyprintk=ttyS0,115200 i\
[11;03Hntel_iommu=on,sm_on,sats_on numa_balancing=disable tsc=recalibrate kvm_inte\
[12;03Hl.tdx=on nohibernate ignore_loglevel =on pci=nodomains                      [12;40H[?25l[8;3Hlinux ($root)/boot/vmlinuz-6.9.0-dmr.bkc.6.9.3.6.5.x86_64 root=UUID=f803d89\
[9;3Hd-0fa5-4263-b3c0-cc59328b1c9d ro crashkernel=1G-4G:192M,4G-64G:256M,64G-:51\
[10;3H2M selinux=0 console=tty0 console=ttyS0,115200n8 earlyprintk=ttyS0,115200 i\
[11;3Hntel_iommu=on,sm_on,sats_on numa_balancing=disable tsc=recalibrate kvm_inte\
[12;3Hl.tdx=on nohibernate ignore_loglevel on pci=nodomains                       [12;40H[?25h[08;03Hlinux ($root)/boot/vmlinuz-6.9.0-dmr.bkc.6.9.3.6.5.x86_64 root=UUID=f803d89\
[09;03Hd-0fa5-4263-b3c0-cc59328b1c9d ro crashkernel=1G-4G:192M,4G-64G:256M,64G-:51\
[10;03H2M selinux=0 console=tty0 console=ttyS0,115200n8 earlyprintk=ttyS0,115200 i\
[11;03Hntel_iommu=on,sm_on,sats_on numa_balancing=disable tsc=recalibrate kvm_inte\
[12;03Hl.tdx=on nohibernate ignore_loglevel on pci=nodomains                       [12;40H[?25l[8;3Hlinux ($root)/boot/vmlinuz-6.9.0-dmr.bkc.6.9.3.6.5.x86_64 root=UUID=f803d89\
[9;3Hd-0fa5-4263-b3c0-cc59328b1c9d ro crashkernel=1G-4G:192M,4G-64G:256M,64G-:51\
[10;3H2M selinux=0 console=tty0 console=ttyS0,115200n8 earlyprintk=ttyS0,115200 i\
[11;3Hntel_iommu=on,sm_on,sats_on numa_balancing=disable tsc=recalibrate kvm_inte\
[12;3Hl.tdx=on nohibernate ignore_loglevel n pci=nodomains                        [12;40H[?25h[08;03Hlinux ($root)/boot/vmlinuz-6.9.0-dmr.bkc.6.9.3.6.5.x86_64 root=UUID=f803d89\
[09;03Hd-0fa5-4263-b3c0-cc59328b1c9d ro crashkernel=1G-4G:192M,4G-64G:256M,64G-:51\
[10;03H2M selinux=0 console=tty0 console=ttyS0,115200n8 earlyprintk=ttyS0,115200 i\
[11;03Hntel_iommu=on,sm_on,sats_on numa_balancing=disable tsc=recalibrate kvm_inte\
[12;03Hl.tdx=on nohibernate ignore_loglevel n pci=nodomains                        [12;40H[?25l[8;3Hlinux ($root)/boot/vmlinuz-6.9.0-dmr.bkc.6.9.3.6.5.x86_64 root=UUID=f803d89\
[9;3Hd-0fa5-4263-b3c0-cc59328b1c9d ro crashkernel=1G-4G:192M,4G-64G:256M,64G-:51\
[10;3H2M selinux=0 console=tty0 console=ttyS0,115200n8 earlyprintk=ttyS0,115200 i\
[11;3Hntel_iommu=on,sm_on,sats_on numa_balancing=disable tsc=recalibrate kvm_inte\
[12;3Hl.tdx=on nohibernate ignore_loglevel  pci=nodomains                         [12;40H[?25h[08;03Hlinux ($root)/boot/vmlinuz-6.9.0-dmr.bkc.6.9.3.6.5.x86_64 root=UUID=f803d89\
[09;03Hd-0fa5-4263-b3c0-cc59328b1c9d ro crashkernel=1G-4G:192M,4G-64G:256M,64G-:51\
[10;03H2M selinux=0 console=tty0 console=ttyS0,115200n8 earlyprintk=ttyS0,115200 i\
[11;03Hntel_iommu=on,sm_on,sats_on numa_balancing=disable tsc=recalibrate kvm_inte\
[12;03Hl.tdx=on nohibernate ignore_loglevel  pci=nodomains                         [12;40H[H[J[1;1H[0m[30m[40m[2J[01;01H[0m[37m[40m    Booting a command listBooting a command list



[    0.000000] Linux version 6.9.0-dmr.bkc.6.9.3.6.5.x86_64 (builder@d35c673e476e) (gcc (GCC) 11.4.1 20231218 (Red Hat 11.4.1-3), GNU ld version 2.35.2-43.el9) #1 SMP PREEMPT_DYNAMIC Thu Jun 27 18:45:31 UTC 2024
[    0.000000] Command line: BOOT_IMAGE=(hd1,gpt4)/boot/vmlinuz-6.9.0-dmr.bkc.6.9.3.6.5.x86_64 root=UUID=f803d89d-0fa5-4263-b3c0-cc59328b1c9d ro crashkernel=1G-4G:192M,4G-64G:256M,64G-:512M selinux=0 console=tty0 console=ttyS0,115200n8 earlyprintk=ttyS0,115200 intel_iommu=on,sm_on,sats_on numa_balancing=disable tsc=recalibrate kvm_intel.tdx=on nohibernate ignore_loglevel pci=nodomains
[    0.000000] x86/tme: not enabled by BIOS
[    0.000000] x86/split lock detection: #AC: crashing the kernel on kernel split_locks and warning on user-space split_locks
[    0.000000] BIOS-provided physical RAM map:
[    0.000000] BIOS-e820: [mem 0x0000000000000000-0x000000000009ffff] usable
[    0.000000] BIOS-e820: [mem 0x00000000000a0000-0x00000000000fffff] reserved
[    0.000000] BIOS-e820: [mem 0x0000000000100000-0x00000000bff2cfff] usable
[    0.000000] BIOS-e820: [mem 0x00000000bff2d000-0x00000000c0167fff] reserved
[    0.000000] BIOS-e820: [mem 0x00000000c0168000-0x00000000c0507fff] usable
[    0.000000] BIOS-e820: [mem 0x00000000c0508000-0x00000000c069ffff] ACPI data
[    0.000000] BIOS-e820: [mem 0x00000000c06a0000-0x00000000c0837fff] usable
[    0.000000] BIOS-e820: [mem 0x00000000c0838000-0x00000000c0c58fff] ACPI data
[    0.000000] BIOS-e820: [mem 0x00000000c0c59000-0x00000000c0f60fff] usable
[    0.000000] BIOS-e820: [mem 0x00000000c0f61000-0x00000000c1079fff] ACPI data
[    0.000000] BIOS-e820: [mem 0x00000000c107a000-0x00000000c149afff] usable
[    0.000000] BIOS-e820: [mem 0x00000000c149b000-0x00000000c16e4fff] ACPI data
[    0.000000] BIOS-e820: [mem 0x00000000c16e5000-0x00000000ca042fff] usable
[    0.000000] BIOS-e820: [mem 0x00000000ca043000-0x00000000ca854fff] reserved
[    0.000000] BIOS-e820: [mem 0x00000000ca855000-0x00000000cd41efff] usable
[    0.000000] BIOS-e820: [mem 0x00000000cd41f000-0x00000000cd420fff] reserved
[    0.000000] BIOS-e820: [mem 0x00000000cd421000-0x00000000cd421fff] usable
[    0.000000] BIOS-e820: [mem 0x00000000cd422000-0x00000000cd469fff] reserved
[    0.000000] BIOS-e820: [mem 0x00000000cd46a000-0x00000000cd46afff] usable
[    0.000000] BIOS-e820: [mem 0x00000000cd46b000-0x00000000cd472fff] reserved
[    0.000000] BIOS-e820: [mem 0x00000000cd473000-0x00000000cd473fff] usable
[    0.000000] BIOS-e820: [mem 0x00000000cd474000-0x00000000cee46fff] reserved
[    0.000000] BIOS-e820: [mem 0x00000000cee47000-0x00000000cee47fff] usable
[    0.000000] BIOS-e820: [mem 0x00000000cee48000-0x00000000cee48fff] reserved
[    0.000000] BIOS-e820: [mem 0x00000000cee49000-0x00000000cee49fff] usable
[    0.000000] BIOS-e820: [mem 0x00000000cee4a000-0x00000000cf05bfff] reserved
[    0.000000] BIOS-e820: [mem 0x00000000cf05c000-0x00000000cf086fff] usable
[    0.000000] BIOS-e820: [mem 0x00000000cf087000-0x00000000cf087fff] ACPI NVS
[    0.000000] BIOS-e820: [mem 0x00000000cf088000-0x00000000cf10cfff] usable
[    0.000000] BIOS-e820: [mem 0x00000000cf10d000-0x00000000cf110fff] reserved
[    0.000000] BIOS-e820: [mem 0x00000000cf111000-0x00000000cf112fff] ACPI NVS
[    0.000000] BIOS-e820: [mem 0x00000000cf113000-0x00000000cfffafff] usable
[    0.000000] BIOS-e820: [mem 0x00000000cfffb000-0x00000000d0bfbfff] ACPI NVS
[    0.000000] BIOS-e820: [mem 0x00000000d0bfc000-0x00000000d0c04fff] usable
[    0.000000] BIOS-e820: [mem 0x00000000d0c05000-0x00000000d1204fff] reserved
[    0.000000] BIOS-e820: [mem 0x00000000d1205000-0x00000000d1205fff] ACPI NVS
[    0.000000] BIOS-e820: [mem 0x00000000d1206000-0x00000000d1bbcfff] usable
[    0.000000] BIOS-e820: [mem 0x00000000d1bbd000-0x00000000d1bebfff] reserved
[    0.000000] BIOS-e820: [mem 0x00000000d1bec000-0x00000000d1becfff] usable
[    0.000000] BIOS-e820: [mem 0x00000000d1bed000-0x00000000d1cf1fff] reserved
[    0.000000] BIOS-e820: [mem 0x00000000d1cf2000-0x00000000d28b5fff] usable
[    0.000000] BIOS-e820: [mem 0x00000000d28b6000-0x00000000d28b7fff] reserved
[    0.000000] BIOS-e820: [mem 0x00000000d28b8000-0x00000000d2971fff] usable
[    0.000000] BIOS-e820: [mem 0x00000000d2972000-0x00000000d2973fff] reserved
[    0.000000] BIOS-e820: [mem 0x00000000d2974000-0x00000000d2f4dfff] usable
[    0.000000] BIOS-e820: [mem 0x00000000d2f4e000-0x00000000d2f87fff] reserved
[    0.000000] BIOS-e820: [mem 0x00000000d2f88000-0x00000000d31f5fff] usable
[    0.000000] BIOS-e820: [mem 0x00000000d31f6000-0x00000000d31f7fff] reserved
[    0.000000] BIOS-e820: [mem 0x00000000d31f8000-0x00000000d31fdfff] usable
[    0.000000] BIOS-e820: [mem 0x00000000d31fe000-0x00000000d31fefff] reserved
[    0.000000] BIOS-e820: [mem 0x00000000d31ff000-0x00000000d321dfff] usable
[    0.000000] BIOS-e820: [mem 0x00000000d321e000-0x00000000d3223fff] reserved
[    0.000000] BIOS-e820: [mem 0x00000000d3224000-0x00000000d3549fff] usable
[    0.000000] BIOS-e820: [mem 0x00000000d354a000-0x00000000d354afff] reserved
[    0.000000] BIOS-e820: [mem 0x00000000d354b000-0x00000000d3552fff] usable
[    0.000000] BIOS-e820: [mem 0x00000000d3553000-0x00000000d3553fff] reserved
[    0.000000] BIOS-e820: [mem 0x00000000d3554000-0x00000000d35a9fff] usable
[    0.000000] BIOS-e820: [mem 0x00000000d35aa000-0x00000000d35affff] reserved
[    0.000000] BIOS-e820: [mem 0x00000000d35b0000-0x00000000d69cefff] usable
[    0.000000] BIOS-e820: [mem 0x00000000d69cf000-0x00000000d6ccefff] reserved
[    0.000000] BIOS-e820: [mem 0x00000000d6ccf000-0x00000000d76fefff] ACPI NVS
[    0.000000] BIOS-e820: [mem 0x00000000d76ff000-0x00000000d77fefff] ACPI data
[    0.000000] BIOS-e820: [mem 0x00000000d77ff000-0x00000000d77fffff] usable
[    0.000000] BIOS-e820: [mem 0x00000000d7800000-0x00000000dfffffff] reserved
[    0.000000] BIOS-e820: [mem 0x00000000f2830000-0x00000000f2830fff] reserved
[    0.000000] BIOS-e820: [mem 0x0000000100000000-0x00000007feffffff] usable
[    0.000000] BIOS-e820: [mem 0x00000007ff000000-0x00000007ffffffff] reserved
[    0.000000] BIOS-e820: [mem 0x0000100000000000-0x000010007fffffff] reserved
[    0.000000] printk: legacy bootconsole [earlyser0] enabled
[    0.000000] printk: debug: ignoring loglevel setting.
[    0.000000] NX (Execute Disable) protection: active
[    0.000000] APIC: Static calls initialized
[    0.000000] efi: EFI v2.7 by EDK II
[    0.000000] efi: ACPI=0xd77fe000 ACPI 2.0=0xd77fe014 SMBIOS=0xd6ad3000 SMBIOS 3.0=0xd6ad1000 MEMATTR=0xd3523018 
[    0.000000] efi: Not removing mem304: MMIO range=[0xf2830000-0xf2830fff] (4KB) from e820 map
[    0.000000] efi: Remove mem306: MMIO range=[0x100000000000-0x10007fffffff] (2048MB) from e820 map
[    0.000000] e820: remove [mem 0x100000000000-0x10007fffffff] reserved
[    0.000000] SMBIOS 3.6.0 present.
[    0.000000] DMI: Intel Corporation OAKSTREAM/OAKSTREAM, BIOS OKSDREL1.86B.0014.D57.2407181633 07/18/2024
[    0.000000] tsc: Detected 3750.000 MHz processor
[    0.000005] e820: update [mem 0x00000000-0x00000fff] usable ==> reserved
[    0.001555] e820: remove [mem 0x000a0000-0x000fffff] usable
[    0.002844] last_pfn = 0x7ff000 max_arch_pfn = 0x400000000
[    0.004159] total RAM covered: 16776704M
[    0.005579]  gran_size: 64K 	chunk_size: 64K 	num_reg: 10  	lose cover RAM: 15872G
[    0.007344]  gran_size: 64K 	chunk_size: 128K 	num_reg: 10  	lose cover RAM: 15872G
[    0.009113]  gran_size: 64K 	chunk_size: 256K 	num_reg: 10  	lose cover RAM: 15872G
[    0.010882]  gran_size: 64K 	chunk_size: 512K 	num_reg: 10  	lose cover RAM: 15872G
[    0.012650]  gran_size: 64K 	chunk_size: 1M 	num_reg: 10  	lose cover RAM: 15872G
[    0.014379]  gran_size: 64K 	chunk_size: 2M 	num_reg: 10  	lose cover RAM: 15872G
[    0.016108]  gran_size: 64K 	chunk_size: 4M 	num_reg: 10  	lose cover RAM: 15872G
[    0.017836]  gran_size: 64K 	chunk_size: 8M 	num_reg: 10  	lose cover RAM: 15872G
[    0.019565]  gran_size: 64K 	chunk_size: 16M 	num_reg: 10  	lose cover RAM: 15872G
[    0.021314]  gran_size: 64K 	chunk_size: 32M 	num_reg: 10  	lose cover RAM: 15872G
[    0.023062]  gran_size: 64K 	chunk_size: 64M 	num_reg: 10  	lose cover RAM: 15872G
[    0.024811]  gran_size: 64K 	chunk_size: 128M 	num_reg: 10  	lose cover RAM: 15872G
[    0.026580]  gran_size: 64K 	chunk_size: 256M 	num_reg: 10  	lose cover RAM: 15872G
[    0.028348]  gran_size: 64K 	chunk_size: 512M 	num_reg: 10  	lose cover RAM: 15872G
[    0.030117]  gran_size: 64K 	chunk_size: 1G 	num_reg: 10  	lose cover RAM: 15360G
[    0.031846]  gran_size: 64K 	chunk_size: 2G 	num_reg: 10  	lose cover RAM: 15360G
[    0.033574]  gran_size: 128K 	chunk_size: 128K 	num_reg: 10  	lose cover RAM: 15872G
[    0.035363]  gran_size: 128K 	chunk_size: 256K 	num_reg: 10  	lose cover RAM: 15872G
[    0.037152]  gran_size: 128K 	chunk_size: 512K 	num_reg: 10  	lose cover RAM: 15872G
[    0.038940]  gran_size: 128K 	chunk_size: 1M 	num_reg: 10  	lose cover RAM: 15872G
[    0.040689]  gran_size: 128K 	chunk_size: 2M 	num_reg: 10  	lose cover RAM: 15872G
[    0.042438]  gran_size: 128K 	chunk_size: 4M 	num_reg: 10  	lose cover RAM: 15872G
[    0.044186]  gran_size: 128K 	chunk_size: 8M 	num_reg: 10  	lose cover RAM: 15872G
[    0.045935]  gran_size: 128K 	chunk_size: 16M 	num_reg: 10  	lose cover RAM: 15872G
[    0.047704]  gran_size: 128K 	chunk_size: 32M 	num_reg: 10  	lose cover RAM: 15872G
[    0.049472]  gran_size: 128K 	chunk_size: 64M 	num_reg: 10  	lose cover RAM: 15872G
[    0.051241]  gran_size: 128K 	chunk_size: 128M 	num_reg: 10  	lose cover RAM: 15872G
[    0.053030]  gran_size: 128K 	chunk_size: 256M 	num_reg: 10  	lose cover RAM: 15872G
[    0.054819]  gran_size: 128K 	chunk_size: 512M 	num_reg: 10  	lose cover RAM: 15872G
[    0.056607]  gran_size: 128K 	chunk_size: 1G 	num_reg: 10  	lose cover RAM: 15360G
[    0.058356]  gran_size: 128K 	chunk_size: 2G 	num_reg: 10  	lose cover RAM: 15360G
[    0.060105]  gran_size: 256K 	chunk_size: 256K 	num_reg: 10  	lose cover RAM: 15872G
[    0.061893]  gran_size: 256K 	chunk_size: 512K 	num_reg: 10  	lose cover RAM: 15872G
[    0.063682]  gran_size: 256K 	chunk_size: 1M 	num_reg: 10  	lose cover RAM: 15872G
[    0.065431]  gran_size: 256K 	chunk_size: 2M 	num_reg: 10  	lose cover RAM: 15872G
[    0.067179]  gran_size: 256K 	chunk_size: 4M 	num_reg: 10  	lose cover RAM: 15872G
[    0.068928]  gran_size: 256K 	chunk_size: 8M 	num_reg: 10  	lose cover RAM: 15872G
[    0.070677]  gran_size: 256K 	chunk_size: 16M 	num_reg: 10  	lose cover RAM: 15872G
[    0.072445]  gran_size: 256K 	chunk_size: 32M 	num_reg: 10  	lose cover RAM: 15872G
[    0.074214]  gran_size: 256K 	chunk_size: 64M 	num_reg: 10  	lose cover RAM: 15872G
[    0.075983]  gran_size: 256K 	chunk_size: 128M 	num_reg: 10  	lose cover RAM: 15872G
[    0.077772]  gran_size: 256K 	chunk_size: 256M 	num_reg: 10  	lose cover RAM: 15872G
[    0.079560]  gran_size: 256K 	chunk_size: 512M 	num_reg: 10  	lose cover RAM: 15872G
[    0.081349]  gran_size: 256K 	chunk_size: 1G 	num_reg: 10  	lose cover RAM: 15360G
[    0.083098]  gran_size: 256K 	chunk_size: 2G 	num_reg: 10  	lose cover RAM: 15360G
[    0.084846]  gran_size: 512K 	chunk_size: 512K 	num_reg: 10  	lose cover RAM: 15872G
[    0.086635]  gran_size: 512K 	chunk_size: 1M 	num_reg: 10  	lose cover RAM: 15872G
[    0.088384]  gran_size: 512K 	chunk_size: 2M 	num_reg: 10  	lose cover RAM: 15872G
[    0.090132]  gran_size: 512K 	chunk_size: 4M 	num_reg: 10  	lose cover RAM: 15872G
[    0.091881]  gran_size: 512K 	chunk_size: 8M 	num_reg: 10  	lose cover RAM: 15872G
[    0.093630]  gran_size: 512K 	chunk_size: 16M 	num_reg: 10  	lose cover RAM: 15872G
[    0.095398]  gran_size: 512K 	chunk_size: 32M 	num_reg: 10  	lose cover RAM: 15872G
[    0.097167]  gran_size: 512K 	chunk_size: 64M 	num_reg: 10  	lose cover RAM: 15872G
[    0.098936]  gran_size: 512K 	chunk_size: 128M 	num_reg: 10  	lose cover RAM: 15872G
[    0.100725]  gran_size: 512K 	chunk_size: 256M 	num_reg: 10  	lose cover RAM: 15872G
[    0.102513]  gran_size: 512K 	chunk_size: 512M 	num_reg: 10  	lose cover RAM: 15872G
[    0.104302]  gran_size: 512K 	chunk_size: 1G 	num_reg: 10  	lose cover RAM: 15360G
[    0.106051]  gran_size: 512K 	chunk_size: 2G 	num_reg: 10  	lose cover RAM: 15360G
[    0.107799]  gran_size: 1M 	chunk_size: 1M 	num_reg: 10  	lose cover RAM: 15872G
[    0.109508]  gran_size: 1M 	chunk_size: 2M 	num_reg: 10  	lose cover RAM: 15872G
[    0.111216]  gran_size: 1M 	chunk_size: 4M 	num_reg: 10  	lose cover RAM: 15872G
[    0.112925]  gran_size: 1M 	chunk_size: 8M 	num_reg: 10  	lose cover RAM: 15872G
[    0.114634]  gran_size: 1M 	chunk_size: 16M 	num_reg: 10  	lose cover RAM: 15872G
[    0.116362]  gran_size: 1M 	chunk_size: 32M 	num_reg: 10  	lose cover RAM: 15872G
[    0.118091]  gran_size: 1M 	chunk_size: 64M 	num_reg: 10  	lose cover RAM: 15872G
[    0.119819]  gran_size: 1M 	chunk_size: 128M 	num_reg: 10  	lose cover RAM: 15872G
[    0.121568]  gran_size: 1M 	chunk_size: 256M 	num_reg: 10  	lose cover RAM: 15872G
[    0.123317]  gran_size: 1M 	chunk_size: 512M 	num_reg: 10  	lose cover RAM: 15872G
[    0.125065]  gran_size: 1M 	chunk_size: 1G 	num_reg: 10  	lose cover RAM: 15360G
[    0.126774]  gran_size: 1M 	chunk_size: 2G 	num_reg: 10  	lose cover RAM: 15360G
[    0.128482]  gran_size: 2M 	chunk_size: 2M 	num_reg: 10  	lose cover RAM: 15872G
[    0.130191]  gran_size: 2M 	chunk_size: 4M 	num_reg: 10  	lose cover RAM: 15872G
[    0.131899]  gran_size: 2M 	chunk_size: 8M 	num_reg: 10  	lose cover RAM: 15872G
[    0.133608]  gran_size: 2M 	chunk_size: 16M 	num_reg: 10  	lose cover RAM: 15872G
[    0.135337]  gran_size: 2M 	chunk_size: 32M 	num_reg: 10  	lose cover RAM: 15872G
[    0.137065]  gran_size: 2M 	chunk_size: 64M 	num_reg: 10  	lose cover RAM: 15872G
[    0.138794]  gran_size: 2M 	chunk_size: 128M 	num_reg: 10  	lose cover RAM: 15872G
[    0.140542]  gran_size: 2M 	chunk_size: 256M 	num_reg: 10  	lose cover RAM: 15872G
[    0.142291]  gran_size: 2M 	chunk_size: 512M 	num_reg: 10  	lose cover RAM: 15872G
[    0.144040]  gran_size: 2M 	chunk_size: 1G 	num_reg: 10  	lose cover RAM: 15360G
[    0.145748]  gran_size: 2M 	chunk_size: 2G 	num_reg: 10  	lose cover RAM: 15360G
[    0.147457]  gran_size: 4M 	chunk_size: 4M 	num_reg: 10  	lose cover RAM: 15872G
[    0.149165]  gran_size: 4M 	chunk_size: 8M 	num_reg: 10  	lose cover RAM: 15872G
[    0.150874]  gran_size: 4M 	chunk_size: 16M 	num_reg: 10  	lose cover RAM: 15872G
[    0.152602]  gran_size: 4M 	chunk_size: 32M 	num_reg: 10  	lose cover RAM: 15872G
[    0.154331]  gran_size: 4M 	chunk_size: 64M 	num_reg: 10  	lose cover RAM: 15872G
[    0.156060]  gran_size: 4M 	chunk_size: 128M 	num_reg: 10  	lose cover RAM: 15872G
[    0.157808]  gran_size: 4M 	chunk_size: 256M 	num_reg: 10  	lose cover RAM: 15872G
[    0.159557]  gran_size: 4M 	chunk_size: 512M 	num_reg: 10  	lose cover RAM: 15872G
[    0.161306]  gran_size: 4M 	chunk_size: 1G 	num_reg: 10  	lose cover RAM: 15360G
[    0.163014]  gran_size: 4M 	chunk_size: 2G 	num_reg: 10  	lose cover RAM: 15360G
[    0.164723]  gran_size: 8M 	chunk_size: 8M 	num_reg: 10  	lose cover RAM: 15872G
[    0.166431]  gran_size: 8M 	chunk_size: 16M 	num_reg: 10  	lose cover RAM: 15872G
[    0.168160]  gran_size: 8M 	chunk_size: 32M 	num_reg: 10  	lose cover RAM: 15872G
[    0.169888]  gran_size: 8M 	chunk_size: 64M 	num_reg: 10  	lose cover RAM: 15872G
[    0.171617]  gran_size: 8M 	chunk_size: 128M 	num_reg: 10  	lose cover RAM: 15872G
[    0.173366]  gran_size: 8M 	chunk_size: 256M 	num_reg: 10  	lose cover RAM: 15872G
[    0.175114]  gran_size: 8M 	chunk_size: 512M 	num_reg: 10  	lose cover RAM: 15872G
[    0.176863]  gran_size: 8M 	chunk_size: 1G 	num_reg: 10  	lose cover RAM: 15360G
[    0.178571]  gran_size: 8M 	chunk_size: 2G 	num_reg: 10  	lose cover RAM: 15360G
[    0.180280]  gran_size: 16M 	chunk_size: 16M 	num_reg: 10  	lose cover RAM: 15872G
[    0.182029]  gran_size: 16M 	chunk_size: 32M 	num_reg: 10  	lose cover RAM: 15872G
[    0.183777]  gran_size: 16M 	chunk_size: 64M 	num_reg: 10  	lose cover RAM: 15872G
[    0.185526]  gran_size: 16M 	chunk_size: 128M 	num_reg: 10  	lose cover RAM: 15872G
[    0.187295]  gran_size: 16M 	chunk_size: 256M 	num_reg: 10  	lose cover RAM: 15872G
[    0.189063]  gran_size: 16M 	chunk_size: 512M 	num_reg: 10  	lose cover RAM: 15872G
[    0.190832]  gran_size: 16M 	chunk_size: 1G 	num_reg: 10  	lose cover RAM: 15360G
[    0.192561]  gran_size: 16M 	chunk_size: 2G 	num_reg: 10  	lose cover RAM: 15360G
[    0.194289]  gran_size: 32M 	chunk_size: 32M 	num_reg: 10  	lose cover RAM: 15872G
[    0.196038]  gran_size: 32M 	chunk_size: 64M 	num_reg: 10  	lose cover RAM: 15872G
[    0.197787]  gran_size: 32M 	chunk_size: 128M 	num_reg: 10  	lose cover RAM: 15872G
[    0.199555]  gran_size: 32M 	chunk_size: 256M 	num_reg: 10  	lose cover RAM: 15872G
[    0.201324]  gran_size: 32M 	chunk_size: 512M 	num_reg: 10  	lose cover RAM: 15872G
[    0.203093]  gran_size: 32M 	chunk_size: 1G 	num_reg: 10  	lose cover RAM: 15360G
[    0.204821]  gran_size: 32M 	chunk_size: 2G 	num_reg: 10  	lose cover RAM: 15360G
[    0.206550]  gran_size: 64M 	chunk_size: 64M 	num_reg: 10  	lose cover RAM: 15872G
[    0.208299]  gran_size: 64M 	chunk_size: 128M 	num_reg: 10  	lose cover RAM: 15872G
[    0.210067]  gran_size: 64M 	chunk_size: 256M 	num_reg: 10  	lose cover RAM: 15872G
[    0.211836]  gran_size: 64M 	chunk_size: 512M 	num_reg: 10  	lose cover RAM: 15872G
[    0.213605]  gran_size: 64M 	chunk_size: 1G 	num_reg: 10  	lose cover RAM: 15360G
[    0.215333]  gran_size: 64M 	chunk_size: 2G 	num_reg: 10  	lose cover RAM: 15360G
[    0.217062]  gran_size: 128M 	chunk_size: 128M 	num_reg: 10  	lose cover RAM: 15872G
[    0.218851]  gran_size: 128M 	chunk_size: 256M 	num_reg: 10  	lose cover RAM: 15872G
[    0.220639]  gran_size: 128M 	chunk_size: 512M 	num_reg: 10  	lose cover RAM: 15872G
[    0.222428]  gran_size: 128M 	chunk_size: 1G 	num_reg: 10  	lose cover RAM: 15360G
[    0.224177]  gran_size: 128M 	chunk_size: 2G 	num_reg: 10  	lose cover RAM: 15360G
[    0.225925]  gran_size: 256M 	chunk_size: 256M 	num_reg: 10  	lose cover RAM: 15872G
[    0.227714]  gran_size: 256M 	chunk_size: 512M 	num_reg: 10  	lose cover RAM: 15872G
[    0.229503]  gran_size: 256M 	chunk_size: 1G 	num_reg: 10  	lose cover RAM: 15360G
[    0.231252]  gran_size: 256M 	chunk_size: 2G 	num_reg: 10  	lose cover RAM: 15360G
[    0.233000]  gran_size: 512M 	chunk_size: 512M 	num_reg: 10  	lose cover RAM: 15872G
[    0.234789]  gran_size: 512M 	chunk_size: 1G 	num_reg: 10  	lose cover RAM: 15360G
[    0.236538]  gran_size: 512M 	chunk_size: 2G 	num_reg: 10  	lose cover RAM: 15360G
[    0.238286]  gran_size: 1G 	chunk_size: 1G 	num_reg: 10  	lose cover RAM: 15729152M
[    0.240055]  gran_size: 1G 	chunk_size: 2G 	num_reg: 10  	lose cover RAM: 15729152M
[    0.241824]  gran_size: 2G 	chunk_size: 2G 	num_reg: 10  	lose cover RAM: 14681600M
[    0.243592] mtrr_cleanup: can not find optimal value
[    0.244736] please specify mtrr_gran_size/mtrr_chunk_size
[    0.245981] MTRR map: 5 entries (2 fixed + 3 variable; max 22), built from 10 variable MTRRs
[    0.247930] x86/PAT: Configuration [0-7]: WB  WC  UC- UC  WB  WP  UC- WT  
[    0.249517] e820: update [mem 0xe0000000-0xffffffff] usable ==> reserved
[    0.251072] x2apic: enabled by BIOS, switching to x2apic ops
[    0.252377] last_pfn = 0xd7800 max_arch_pfn = 0x400000000
[    0.257663] Using GB pages for direct mapping
[    0.298860] Secure boot disabled
[    0.299603] RAMDISK: [mem 0xbcb2a000-0xbe9cffff]
[    0.300670] ACPI: Early table checksum verification disabled
[    0.301976] ACPI: RSDP 0x00000000D77FE014 000024 (v02 INTEL )
[    0.303305] ACPI: XSDT 0x00000000D7752188 00014C (v01 INTEL  INTEL ID 00000000      01000013)
[    0.305278] ACPI: FACP 0x00000000D77FC000 000114 (v06 INTEL  INTEL ID 00000000 INTL 20230628)
[    0.307252] ACPI: DSDT 0x00000000D775D000 08EBE5 (v02 INTEL  INTEL ID 00000003 INTL 20230628)
[    0.309224] ACPI: FACS 0x00000000D76F6000 000040
[    0.310293] ACPI: MCFG 0x00000000D77FB000 00004C (v01 INTEL  INTEL ID 00000001 INTL 20230628)
[    0.312266] ACPI: SSDT 0x00000000D77FA000 0001F3 (v02 INTEL  MPWR     00001000 INTL 20230628)
[    0.314238] ACPI: CEDT 0x00000000D77F9000 0000BC (v01 INTEL  INTEL ID 00000002 INTL 20230628)
[    0.316211] ACPI: SSDT 0x00000000D77F8000 0000A9 (v02 INTEL  INTEL ID 00000002 INTL 20230628)
[    0.318183] ACPI: MRRM 0x00000000D77F7000 0000E0 (v01 INTEL  INTEL ID 00000002 INTL 20230628)
[    0.320156] ACPI: SSDT 0x00000000D77F6000 0002D6 (v02 INTEL  INTEL ID 00000000 MSFT 20230628)
[    0.322128] ACPI: SSDT 0x00000000D77F5000 000156 (v02 INTEL  PRMOPREG 00001000 INTL 20230628)
[    0.324100] ACPI: SSDT 0x00000000D77F4000 000145 (v02 INTEL  PRMSAMPL 00001000 INTL 20230628)
[    0.326073] ACPI: IRDT 0x00000000D77F3000 00018A (v01 INTEL  INTEL ID 00000002 INTL 20230628)
[    0.328045] ACPI: DTPR 0x00000000D77F2000 000330 (v01 INTEL  EDK2     00000002      01000013)
[    0.330018] ACPI: SSDT 0x00000000D77F1000 00040F (v02 INTEL  SruTable 00001000 INTL 20230628)
[    0.331990] ACPI: SSDT 0x00000000D77F0000 000397 (v02 INTEL  SstsTbl  00001000 INTL 20230628)
[    0.333963] ACPI: BDAT 0x00000000D77EF000 000030 (v01 INTEL  INTEL ID 00000000 INTL 20230628)
[    0.335935] ACPI: HPET 0x00000000D77EE000 000038 (v01 INTEL  INTEL ID 00000001 INTL 20230628)
[    0.337908] ACPI: MSCT 0x00000000D77ED000 000198 (v01 INTEL  INTEL ID 00000001 INTL 20230628)
[    0.339880] ACPI: WSMT 0x00000000D77EC000 000028 (v01 INTEL  INTEL ID 00000000 INTL 20230628)
[    0.341852] ACPI: APIC 0x00000000D775C000 000068 (v06 INTEL  INTEL ID 00000000 INTL 20230628)
[    0.343825] ACPI: PMTT 0x00000000D774F000 002568 (v02 INTEL  INTEL ID 00000001 INTL 20230628)
[    0.345797] ACPI: OEM4 0x00000000C149B000 249041 (v02 INTEL  CPU  CST 00003000 INTL 20230628)
[    0.347770] ACPI: OEM1 0x00000000C0838000 420069 (v02 INTEL  CPU EIST 00003000 INTL 20230628)
[    0.349742] ACPI: OEM2 0x00000000C0F61000 118031 (v02 INTEL  CPU  HWP 00003000 INTL 20230628)
[    0.351715] ACPI: SSDT 0x00000000C0508000 197850 (v02 INTEL  SSDT  PM 00004000 INTL 20230628)
[    0.353687] ACPI: DBG2 0x00000000D77FD000 000058 (v00 INTEL  INTEL ID 00000002 INTL 20230628)
[    0.355660] ACPI: DMAR 0x00000000D774E000 000390 (v01 INTEL  INTEL ID 00000001 INTL 20230628)
[    0.357632] ACPI: FPDT 0x00000000D774D000 000044 (v01 INTEL  EDK2     00000002      01000013)
[    0.359604] ACPI: SSDT 0x00000000D774C000 000968 (v02 INTEL  RAS_ACPI 00000001 INTL 20230628)
[    0.361577] ACPI: SSDT 0x00000000D774B000 00084E (v02 INTEL  ADDRXLAT 00000001 INTL 20230628)
[    0.363549] ACPI: HEST 0x00000000D774A000 000174 (v01 INTEL  INTEL ID 00000001 INTL 20230628)
[    0.365522] ACPI: BERT 0x00000000D7749000 000030 (v01 INTEL  INTEL ID 00000001 INTL 20230628)
[    0.367494] ACPI: ERST 0x00000000D7748000 000230 (v01 INTEL  INTEL ID 00000001 INTL 20230628)
[    0.369467] ACPI: ERDT 0x00000000D7747000 000417 (v01 INTEL  INTEL ID 00000002 INTL 20230628)
[    0.371439] ACPI: PRMT 0x00000000D7746000 00022E (v00 INTEL  INTEL ID 00000002 INTL 20230628)
[    0.373412] ACPI: SPCR 0x00000000D7745000 000050 (v02 INTEL  INTEL ID 00000000 INTL 20230628)
[    0.375384] ACPI: SRAT 0x00000000D7755000 0060A0 (v03 INTEL  INTEL ID 00000002 INTL 20230628)
[    0.377356] ACPI: SLIT 0x00000000D7754000 000030 (v01 INTEL  INTEL ID 00000002 INTL 20230628)
[    0.379329] ACPI: HMAT 0x00000000D7753000 000130 (v02 INTEL  INTEL ID 00000002 INTL 20230628)
[    0.381301] ACPI: Reserving FACP table memory at [mem 0xd77fc000-0xd77fc113]
[    0.382926] ACPI: Reserving DSDT table memory at [mem 0xd775d000-0xd77ebbe4]
[    0.384553] ACPI: Reserving FACS table memory at [mem 0xd76f6000-0xd76f603f]
[    0.386179] ACPI: Reserving MCFG table memory at [mem 0xd77fb000-0xd77fb04b]
[    0.387806] ACPI: Reserving SSDT table memory at [mem 0xd77fa000-0xd77fa1f2]
[    0.389432] ACPI: Reserving CEDT table memory at [mem 0xd77f9000-0xd77f90bb]
[    0.391059] ACPI: Reserving SSDT table memory at [mem 0xd77f8000-0xd77f80a8]
[    0.392686] ACPI: Reserving MRRM table memory at [mem 0xd77f7000-0xd77f70df]
[    0.394312] ACPI: Reserving SSDT table memory at [mem 0xd77f6000-0xd77f62d5]
[    0.395939] ACPI: Reserving SSDT table memory at [mem 0xd77f5000-0xd77f5155]
[    0.397565] ACPI: Reserving SSDT table memory at [mem 0xd77f4000-0xd77f4144]
[    0.399192] ACPI: Reserving IRDT table memory at [mem 0xd77f3000-0xd77f3189]
[    0.400818] ACPI: Reserving DTPR table memory at [mem 0xd77f2000-0xd77f232f]
[    0.402445] ACPI: Reserving SSDT table memory at [mem 0xd77f1000-0xd77f140e]
[    0.404071] ACPI: Reserving SSDT table memory at [mem 0xd77f0000-0xd77f0396]
[    0.405698] ACPI: Reserving BDAT table memory at [mem 0xd77ef000-0xd77ef02f]
[    0.407325] ACPI: Reserving HPET table memory at [mem 0xd77ee000-0xd77ee037]
[    0.408951] ACPI: Reserving MSCT table memory at [mem 0xd77ed000-0xd77ed197]
[    0.410578] ACPI: Reserving WSMT table memory at [mem 0xd77ec000-0xd77ec027]
[    0.412204] ACPI: Reserving APIC table memory at [mem 0xd775c000-0xd775c067]
[    0.413831] ACPI: Reserving PMTT table memory at [mem 0xd774f000-0xd7751567]
[    0.415457] ACPI: Reserving OEM4 table memory at [mem 0xc149b000-0xc16e4040]
[    0.417084] ACPI: Reserving OEM1 table memory at [mem 0xc0838000-0xc0c58068]
[    0.418711] ACPI: Reserving OEM2 table memory at [mem 0xc0f61000-0xc1079030]
[    0.420338] ACPI: Reserving SSDT table memory at [mem 0xc0508000-0xc069f84f]
[    0.421964] ACPI: Reserving DBG2 table memory at [mem 0xd77fd000-0xd77fd057]
[    0.423591] ACPI: Reserving DMAR table memory at [mem 0xd774e000-0xd774e38f]
[    0.425218] ACPI: Reserving FPDT table memory at [mem 0xd774d000-0xd774d043]
[    0.426845] ACPI: Reserving SSDT table memory at [mem 0xd774c000-0xd774c967]
[    0.428471] ACPI: Reserving SSDT table memory at [mem 0xd774b000-0xd774b84d]
[    0.430098] ACPI: Reserving HEST table memory at [mem 0xd774a000-0xd774a173]
[    0.431724] ACPI: Reserving BERT table memory at [mem 0xd7749000-0xd774902f]
[    0.433351] ACPI: Reserving ERST table memory at [mem 0xd7748000-0xd774822f]
[    0.434978] ACPI: Reserving ERDT table memory at [mem 0xd7747000-0xd7747416]
[    0.436605] ACPI: Reserving PRMT table memory at [mem 0xd7746000-0xd774622d]
[    0.438232] ACPI: Reserving SPCR table memory at [mem 0xd7745000-0xd774504f]
[    0.439859] ACPI: Reserving SRAT table memory at [mem 0xd7755000-0xd775b09f]
[    0.441486] ACPI: Reserving SLIT table memory at [mem 0xd7754000-0xd775402f]
[    0.443113] ACPI: Reserving HMAT table memory at [mem 0xd7753000-0xd775312f]
[    0.444849] APIC: Switched APIC routing to: cluster x2apic
[    0.446137] SRAT: PXM 0 -> APIC 0x0000 -> Node 0
[    0.447286] ACPI: SRAT: Node 0 PXM 0 [mem 0x00000000-0xdfffffff]
[    0.448672] ACPI: SRAT: Node 0 PXM 0 [mem 0x100000000-0x7ffffffff]
[    0.450123] NUMA: Initialized distance table, cnt=1
[    0.451254] NUMA: Node 0 [mem 0x00000000-0xdfffffff] + [mem 0x100000000-0x7feffffff] -> [mem 0x00000000-0x7feffffff]
[    0.453684] NODE_DATA(0) allocated [mem 0x7fefba000-0x7fefe4fff]
[    0.456007] Zone ranges:
[    0.456592]   DMA      [mem 0x0000000000001000-0x0000000000ffffff]
[    0.458018]   DMA32    [mem 0x0000000001000000-0x00000000ffffffff]
[    0.459445]   Normal   [mem 0x0000000100000000-0x00000007feffffff]
[    0.460873]   Device   empty
[    0.461537] Movable zone start for each node
[    0.462521] Early memory node ranges
[    0.463350]   node   0: [mem 0x0000000000001000-0x000000000009ffff]
[    0.464796]   node   0: [mem 0x0000000000100000-0x00000000bff2cfff]
[    0.466242]   node   0: [mem 0x00000000c0168000-0x00000000c0507fff]
[    0.467689]   node   0: [mem 0x00000000c06a0000-0x00000000c0837fff]
[    0.469135]   node   0: [mem 0x00000000c0c59000-0x00000000c0f60fff]
[    0.470581]   node   0: [mem 0x00000000c107a000-0x00000000c149afff]
[    0.472027]   node   0: [mem 0x00000000c16e5000-0x00000000ca042fff]
[    0.473473]   node   0: [mem 0x00000000ca855000-0x00000000cd41efff]
[    0.474919]   node   0: [mem 0x00000000cd421000-0x00000000cd421fff]
[    0.476365]   node   0: [mem 0x00000000cd46a000-0x00000000cd46afff]
[    0.477811]   node   0: [mem 0x00000000cd473000-0x00000000cd473fff]
[    0.479257]   node   0: [mem 0x00000000cee47000-0x00000000cee47fff]
[    0.480703]   node   0: [mem 0x00000000cee49000-0x00000000cee49fff]
[    0.482149]   node   0: [mem 0x00000000cf05c000-0x00000000cf086fff]
[    0.483595]   node   0: [mem 0x00000000cf088000-0x00000000cf10cfff]
[    0.485042]   node   0: [mem 0x00000000cf113000-0x00000000cfffafff]
[    0.486488]   node   0: [mem 0x00000000d0bfc000-0x00000000d0c04fff]
[    0.487934]   node   0: [mem 0x00000000d1206000-0x00000000d1bbcfff]
[    0.489380]   node   0: [mem 0x00000000d1bec000-0x00000000d1becfff]
[    0.490826]   node   0: [mem 0x00000000d1cf2000-0x00000000d28b5fff]
[    0.492272]   node   0: [mem 0x00000000d28b8000-0x00000000d2971fff]
[    0.493718]   node   0: [mem 0x00000000d2974000-0x00000000d2f4dfff]
[    0.495164]   node   0: [mem 0x00000000d2f88000-0x00000000d31f5fff]
[    0.496610]   node   0: [mem 0x00000000d31f8000-0x00000000d31fdfff]
[    0.498056]   node   0: [mem 0x00000000d31ff000-0x00000000d321dfff]
[    0.499502]   node   0: [mem 0x00000000d3224000-0x00000000d3549fff]
[    0.500948]   node   0: [mem 0x00000000d354b000-0x00000000d3552fff]
[    0.502394]   node   0: [mem 0x00000000d3554000-0x00000000d35a9fff]
[    0.503840]   node   0: [mem 0x00000000d35b0000-0x00000000d69cefff]
[    0.505286]   node   0: [mem 0x00000000d77ff000-0x00000000d77fffff]
[    0.506732]   node   0: [mem 0x0000000100000000-0x00000007feffffff]
[    0.508190] Initmem setup node 0 [mem 0x0000000000001000-0x00000007feffffff]
[    0.509837] Initmem setup node 1 as memoryless
[    0.510880] Initmem setup node 2 as memoryless
[    0.511922] Initmem setup node 3 as memoryless
[    0.512950] On node 0, zone DMA: 1 pages in unavailable ranges
[    0.514345] On node 0, zone DMA: 96 pages in unavailable ranges
[    0.525243] On node 0, zone DMA32: 571 pages in unavailable ranges
[    0.526702] On node 0, zone DMA32: 408 pages in unavailable ranges
[    0.528210] On node 0, zone DMA32: 1057 pages in unavailable ranges
[    0.529682] On node 0, zone DMA32: 281 pages in unavailable ranges
[    0.531580] On node 0, zone DMA32: 586 pages in unavailable ranges
[    0.533279] On node 0, zone DMA32: 2066 pages in unavailable ranges
[    0.534731] On node 0, zone DMA32: 2 pages in unavailable ranges
[    0.536117] On node 0, zone DMA32: 72 pages in unavailable ranges
[    0.537527] On node 0, zone DMA32: 8 pages in unavailable ranges
[    0.539362] On node 0, zone DMA32: 6611 pages in unavailable ranges
[    0.540812] On node 0, zone DMA32: 1 pages in unavailable ranges
[    0.542229] On node 0, zone DMA32: 530 pages in unavailable ranges
[    0.543662] On node 0, zone DMA32: 1 pages in unavailable ranges
[    0.545093] On node 0, zone DMA32: 6 pages in unavailable ranges
[    0.546682] On node 0, zone DMA32: 3073 pages in unavailable ranges
[    0.548271] On node 0, zone DMA32: 1537 pages in unavailable ranges
[    0.549718] On node 0, zone DMA32: 47 pages in unavailable ranges
[    0.551173] On node 0, zone DMA32: 261 pages in unavailable ranges
[    0.552608] On node 0, zone DMA32: 2 pages in unavailable ranges
[    0.554013] On node 0, zone DMA32: 2 pages in unavailable ranges
[    0.555406] On node 0, zone DMA32: 58 pages in unavailable ranges
[    0.556815] On node 0, zone DMA32: 2 pages in unavailable ranges
[    0.558202] On node 0, zone DMA32: 1 pages in unavailable ranges
[    0.559597] On node 0, zone DMA32: 6 pages in unavailable ranges
[    0.560983] On node 0, zone DMA32: 1 pages in unavailable ranges
[    0.562370] On node 0, zone DMA32: 1 pages in unavailable ranges
[    0.563918] On node 0, zone DMA32: 6 pages in unavailable ranges
[    0.565544] On node 0, zone DMA32: 3632 pages in unavailable ranges
[    0.656084] On node 0, zone Normal: 2048 pages in unavailable ranges
[    0.657826] On node 0, zone Normal: 4096 pages in unavailable ranges
[    0.664168] ACPI: PM-Timer IO Port: 0x508
[    0.665097] ACPI: X2APIC_NMI (uid[0xffffffff] high edge lint[0x1])
[    0.666526] IOAPIC[0]: apic_id 8, version 32, address 0xfec00000, GSI 0-23
[    0.668114] ACPI: INT_SRC_OVR (bus 0 bus_irq 0 global_irq 2 dfl dfl)
[    0.669580] ACPI: INT_SRC_OVR (bus 0 bus_irq 9 global_irq 9 high level)
[    0.671111] ACPI: Using ACPI (MADT) for SMP configuration information
[    0.672597] ACPI: HPET id: 0x8086a701 base: 0xfed00000
[    0.673785] ACPI: SPCR: console: uart,io,0x3f8,115200
[    0.674951] TSC deadline timer available
[    0.675866] CPU topo: Max. logical packages:   1
[    0.676935] CPU topo: Max. logical dies:       1
[    0.677999] CPU topo: Max. dies per package:   1
[    0.679064] CPU topo: Max. threads per core:   1
[    0.680145] CPU topo: Num. cores per package:     1
[    0.681269] CPU topo: Num. threads per package:   1
[    0.682394] CPU topo: Allowing 1 present CPUs plus 0 hotplug CPUs
[    0.684206] PM: hibernation: Registered nosave memory: [mem 0x00000000-0x00000fff]
[    0.685960] PM: hibernation: Registered nosave memory: [mem 0x000a0000-0x000fffff]
[    0.687715] PM: hibernation: Registered nosave memory: [mem 0xbff2d000-0xc0167fff]
[    0.689470] PM: hibernation: Registered nosave memory: [mem 0xc0508000-0xc069ffff]
[    0.691225] PM: hibernation: Registered nosave memory: [mem 0xc0838000-0xc0c58fff]
[    0.692980] PM: hibernation: Registered nosave memory: [mem 0xc0f61000-0xc1079fff]
[    0.694735] PM: hibernation: Registered nosave memory: [mem 0xc149b000-0xc16e4fff]
[    0.696490] PM: hibernation: Registered nosave memory: [mem 0xca043000-0xca854fff]
[    0.698246] PM: hibernation: Registered nosave memory: [mem 0xcd41f000-0xcd420fff]
[    0.700001] PM: hibernation: Registered nosave memory: [mem 0xcd422000-0xcd469fff]
[    0.701757] PM: hibernation: Registered nosave memory: [mem 0xcd46b000-0xcd472fff]
[    0.703512] PM: hibernation: Registered nosave memory: [mem 0xcd474000-0xcee46fff]
[    0.705268] PM: hibernation: Registered nosave memory: [mem 0xcee48000-0xcee48fff]
[    0.707024] PM: hibernation: Registered nosave memory: [mem 0xcee4a000-0xcf05bfff]
[    0.708790] PM: hibernation: Registered nosave memory: [mem 0xcf087000-0xcf087fff]
[    0.710536] PM: hibernation: Registered nosave memory: [mem 0xcf10d000-0xcf110fff]
[    0.712292] PM: hibernation: Registered nosave memory: [mem 0xcf111000-0xcf112fff]
[    0.714039] PM: hibernation: Registered nosave memory: [mem 0xcfffb000-0xd0bfbfff]
[    0.715795] PM: hibernation: Registered nosave memory: [mem 0xd0c05000-0xd1204fff]
[    0.717551] PM: hibernation: Registered nosave memory: [mem 0xd1205000-0xd1205fff]
[    0.719297] PM: hibernation: Registered nosave memory: [mem 0xd1bbd000-0xd1bebfff]
[    0.721054] PM: hibernation: Registered nosave memory: [mem 0xd1bed000-0xd1cf1fff]
[    0.722810] PM: hibernation: Registered nosave memory: [mem 0xd28b6000-0xd28b7fff]
[    0.724567] PM: hibernation: Registered nosave memory: [mem 0xd2972000-0xd2973fff]
[    0.726324] PM: hibernation: Registered nosave memory: [mem 0xd2f4e000-0xd2f87fff]
[    0.728080] PM: hibernation: Registered nosave memory: [mem 0xd31f6000-0xd31f7fff]
[    0.729837] PM: hibernation: Registered nosave memory: [mem 0xd31fe000-0xd31fefff]
[    0.731594] PM: hibernation: Registered nosave memory: [mem 0xd321e000-0xd3223fff]
[    0.733351] PM: hibernation: Registered nosave memory: [mem 0xd354a000-0xd354afff]
[    0.735108] PM: hibernation: Registered nosave memory: [mem 0xd3553000-0xd3553fff]
[    0.736866] PM: hibernation: Registered nosave memory: [mem 0xd35aa000-0xd35affff]
[    0.738623] PM: hibernation: Registered nosave memory: [mem 0xd69cf000-0xd6ccefff]
[    0.740380] PM: hibernation: Registered nosave memory: [mem 0xd6ccf000-0xd76fefff]
[    0.742127] PM: hibernation: Registered nosave memory: [mem 0xd76ff000-0xd77fefff]
[    0.743873] PM: hibernation: Registered nosave memory: [mem 0xd7800000-0xdfffffff]
[    0.745630] PM: hibernation: Registered nosave memory: [mem 0xe0000000-0xf282ffff]
[    0.747377] PM: hibernation: Registered nosave memory: [mem 0xf2830000-0xf2830fff]
[    0.749123] PM: hibernation: Registered nosave memory: [mem 0xf2831000-0xffffffff]
[    0.750871] [mem 0xe0000000-0xf282ffff] available for PCI devices
[    0.752278] Booting paravirtualized kernel on bare hardware
[    0.753563] clocksource: refined-jiffies: mask: 0xffffffff max_cycles: 0xffffffff, max_idle_ns: 1910969940391419 ns
[    0.773319] setup_percpu: NR_CPUS:8192 nr_cpumask_bits:1 nr_cpu_ids:1 nr_node_ids:4
[    0.775350] percpu: Embedded 59 pages/cpu s202424 r8192 d31048 u2097152
[    0.776923] pcpu-alloc: s202424 r8192 d31048 u2097152 alloc=1*2097152
[    0.778411] pcpu-alloc: [0] 0 
[    0.779302] Kernel command line: BOOT_IMAGE=(hd1,gpt4)/boot/vmlinuz-6.9.0-dmr.bkc.6.9.3.6.5.x86_64 root=UUID=f803d89d-0fa5-4263-b3c0-cc59328b1c9d ro crashkernel=1G-4G:192M,4G-64G:256M,64G-:512M selinux=0 console=tty0 console=ttyS0,115200n8 earlyprintk=ttyS0,115200 intel_iommu=on,sm_on,sats_on numa_balancing=disable tsc=recalibrate kvm_intel.tdx=on nohibernate ignore_loglevel pci=nodomains
[    0.787371] DMAR: IOMMU enabled
[    0.788095] DMAR: Enable scalable mode if hardware supports
[    0.789380] DMAR: Enable secure ATS support
[    0.790452] Unknown kernel command line parameters "BOOT_IMAGE=(hd1,gpt4)/boot/vmlinuz-6.9.0-dmr.bkc.6.9.3.6.5.x86_64 crashkernel=1G-4G:192M,4G-64G:256M,64G-:512M", will be passed to user space.
[    0.794459] random: crng init done
[    0.798141] Dentry cache hash table entries: 4194304 (order: 13, 33554432 bytes, linear)
[    0.801463] Inode-cache hash table entries: 2097152 (order: 12, 16777216 bytes, linear)
[    0.803361] Fallback order for Node 0: 0 
[    0.803365] Fallback order for Node 1: 0 
[    0.803369] Fallback order for Node 2: 0 
[    0.803372] Fallback order for Node 3: 0 
[    0.803376] Built 1 zonelists, mobility grouping on.  Total pages: 8069448
[    0.808650] Policy zone: Normal
[    0.809375] mem auto-init: stack:off, heap alloc:off, heap free:off
[    0.810823] software IO TLB: area num 1.
[    0.916306] Memory: 31670600K/32790792K available (24576K kernel code, 60358K rwdata, 21344K rodata, 5040K init, 23028K bss, 1119936K reserved, 0K cma-reserved)
[    0.919788] SLUB: HWalign=64, Order=0-3, MinObjects=0, CPUs=1, Nodes=4
[    0.921294] kmemleak: Kernel memory leak detector disabled
[    0.922595] ftrace: allocating 71870 entries in 281 pages
[    0.934038] ftrace: allocated 281 pages with 4 groups
[    0.936411] Dynamic Preempt: none
[    0.937206] rcu: Preemptible hierarchical RCU implementation.
[    0.938530] rcu: 	RCU restricting CPUs from NR_CPUS=8192 to nr_cpu_ids=1.
[    0.940096] 	Trampoline variant of Tasks RCU enabled.
[    0.941259] 	Rude variant of Tasks RCU enabled.
[    0.942303] 	Tracing variant of Tasks RCU enabled.
[    0.943407] rcu: RCU calculated value of scheduler-enlistment delay is 100 jiffies.
[    0.945172] rcu: Adjusting geometry for rcu_fanout_leaf=16, nr_cpu_ids=1
[    0.946718] RCU Tasks: Setting shift to 0 and lim to 1 rcu_task_cb_adjust=1.
[    0.948345] RCU Tasks Rude: Setting shift to 0 and lim to 1 rcu_task_cb_adjust=1.
[    0.950071] RCU Tasks Trace: Setting shift to 0 and lim to 1 rcu_task_cb_adjust=1.
[    0.961787] NR_IRQS: 524544, nr_irqs: 256, preallocated irqs: 16
[    0.963547] rcu: srcu_init: Setting srcu_struct sizes based on contention.
[    0.965402] Console: colour dummy device 80x25
[    0.966440] printk: legacy console [tty0] enabled
[    0.971063] printk: legacy console [ttyS0] enabled
[    0.971063] printk: legacy console [ttyS0] enabled
[    0.973313] printk: legacy bootconsole [earlyser0] disabled
[    0.973313] printk: legacy bootconsole [earlyser0] disabled
[    0.975954] ACPI: Core revision 20230628
[    0.997628] clocksource: hpet: mask: 0xffffffff max_cycles: 0xffffffff, max_idle_ns: 76450417870 ns
[    0.999793] APIC: Switch to symmetric I/O mode setup
[    1.001027] DMAR: Host address width 52
[    1.002000] DMAR: DRHD base: 0x00161140000000 flags: 0x0
[    1.003319] DMAR: dmar0: reg_base_addr 161140000000 ver 8:0 cap f9e8008cee730c06 ecap 7bbfef9ea4f0efdf
[    1.005563] DMAR: DRHD base: 0x00161180000000 flags: 0x0
[    1.006887] DMAR: dmar1: reg_base_addr 161180000000 ver 8:0 cap f9e8008cee730c06 ecap 7bbfef9ea4f0efdf
[    1.009131] DMAR: DRHD base: 0x001611c0000000 flags: 0x0
[    1.010450] DMAR: dmar2: reg_base_addr 1611c0000000 ver 8:0 cap f9e8008cee730c06 ecap 7bbfef9ea4f0efdf
[    1.012694] DMAR: DRHD base: 0x001ffec0000000 flags: 0x0
[    1.014013] DMAR: dmar3: reg_base_addr 1ffec0000000 ver 8:0 cap f9e8008cee730c06 ecap 7bbfef9ea4f0efdf
[    1.016257] DMAR: DRHD base: 0x001fff00000000 flags: 0x0
[    1.017577] DMAR: dmar4: reg_base_addr 1fff00000000 ver 8:0 cap f9e8008cee730c06 ecap 7bbfef9ea4f0efdf
[    1.019821] DMAR: DRHD base: 0x001fff40000000 flags: 0x0
[    1.021141] DMAR: dmar5: reg_base_addr 1fff40000000 ver 8:0 cap f9e8008cee730c06 ecap 7bbfef9ea4f0efdf
[    1.023386] DMAR: DRHD base: 0x001fff80000000 flags: 0x0
[    1.024705] DMAR: dmar6: reg_base_addr 1fff80000000 ver 8:0 cap f9e8008cee730c06 ecap 7bbfef9ea4f0efdf
[    1.026949] DMAR: DRHD base: 0x00161100000000 flags: 0x0
[    1.028269] DMAR: dmar7: reg_base_addr 161100000000 ver 8:0 cap f9e8008cee730c06 ecap 7bbfef9ea4f0efdf
[    1.030513] DMAR: ATSR flags: 0x1
[    1.031364] DMAR: ATSR flags: 0x1
[    1.032210] DMAR: RHSA base: 0x00161100000000 proximity domain: 0x0
[    1.033751] DMAR: RHSA base: 0x00161140000000 proximity domain: 0x0
[    1.035279] DMAR: RHSA base: 0x00161180000000 proximity domain: 0x0
[    1.036814] DMAR: RHSA base: 0x001611c0000000 proximity domain: 0x0
[    1.038399] DMAR: RHSA base: 0x001ffec0000000 proximity domain: 0x0
[    1.039927] DMAR: RHSA base: 0x001fff00000000 proximity domain: 0x0
[    1.041504] DMAR: RHSA base: 0x001fff40000000 proximity domain: 0x0
[    1.043040] DMAR: RHSA base: 0x001fff80000000 proximity domain: 0x0
[    1.044617] DMAR: SATC flags: 0x0
[    1.045428] DMAR: SATC flags: 0x0
[    1.046284] DMAR-IR: IOAPIC id 8 under DRHD base  0x161100000000 IOMMU 7
[    1.047914] DMAR-IR: HPET id 0 under DRHD base 0x161100000000
[    1.049336] DMAR-IR: Queued invalidation will be enabled to support x2apic and Intr-remapping.
[    1.053051] DMAR-IR: Enabled IRQ remapping in x2apic mode
[    1.054996] ..TIMER: vector=0x30 apic1=0 pin1=2 apic2=-1 pin2=-1
[    1.061245] clocksource: tsc-early: mask: 0xffffffffffffffff max_cycles: 0x6c1bafbc2ab, max_idle_ns: 881591058496 ns
[    1.063728] Calibrating delay loop (skipped), value calculated using timer frequency.. 7500.00 BogoMIPS (lpj=3750000)
[    1.064742] x86/cpu: SGX disabled by BIOS.
[    1.065735] CPU0: Thermal monitoring enabled (TM1)
[    1.066805] x86/cpu: User Mode Instruction Prevention (UMIP) activated
[    1.067814] Last level iTLB entries: 4KB 0, 2MB 0, 4MB 0
[    1.068805] Last level dTLB entries: 4KB 0, 2MB 0, 4MB 0, 1GB 0
[    1.069808] Spectre V1 : Mitigation: usercopy/swapgs barriers and __user pointer sanitization
[    1.070812] Spectre V2 : Mitigation: Enhanced / Automatic IBRS
[    1.071806] Spectre V2 : Spectre v2 / SpectreRSB mitigation: Filling RSB on context switch
[    1.072810] Spectre V2 : mitigation: Enabling conditional Indirect Branch Prediction Barrier
[    1.073812] Speculative Store Bypass: Mitigation: Speculative Store Bypass disabled via prctl
[    1.074809] x86/fpu: Supporting XSAVE feature 0x001: 'x87 floating point registers'
[    1.075808] x86/fpu: Supporting XSAVE feature 0x002: 'SSE registers'
[    1.076806] x86/fpu: Supporting XSAVE feature 0x004: 'AVX registers'
[    1.077806] x86/fpu: Supporting XSAVE feature 0x400: 'PASID state'
[    1.078806] x86/fpu: xstate_offset[2]:  576, xstate_sizes[2]:  256
[    1.079806] x86/fpu: xstate_offset[10]:  832, xstate_sizes[10]:    8
[    1.080806] x86/fpu: Enabled xstate features 0x407, context size is 840 bytes, using 'compacted' format.
[    1.136359] Freeing SMP alternatives memory: 64K
[    1.136804] pid_max: default: 32768 minimum: 301
[    1.172313] LSM: initializing lsm=capability
[    1.172847] Mount-cache hash table entries: 65536 (order: 7, 524288 bytes, linear)
[    1.173808] Mountpoint-cache hash table entries: 65536 (order: 7, 524288 bytes, linear)
[    1.175332] smpboot: CPU0: Intel(R) Core TM M7-6Y75 @ 2.00GHZ (family: 0x13, model: 0x1, stepping: 0x0)
[    1.177504] Performance Events: XSAVE Architectural LBR, Architectural PEBS,  AnyThread deprecated, Panthercove events, 32-deep LBR, full-width counters, Intel PMU driver.
[    1.177811] ... version:                   6
[    1.178804] ... bit width:                 48
[    1.179804] ... generic counters:          10
[    1.180804] ... generic bitmap:            00000000000003ff
[    1.181805] ... fixed-purpose counters:    4
[    1.182804] ... fixed-purpose bitmap:      000000000000000f
[    1.183805] ... value mask:                0000ffffffffffff
[    1.184805] ... max period:                00007fffffffffff
[    1.185805] ... global_ctrl mask:          0001000f000003ff
[    1.186805] ... events bitmap:             0000000000001dff
[    1.187953] signal: max sigframe size: 1776
[    1.189112] rcu: Hierarchical SRCU implementation.
[    1.189804] rcu: 	Max phase no-delay instances is 400.
[    1.192565] NMI watchdog: Enabled. Permanently consumes one hw-PMU counter.
[    1.193043] smp: Bringing up secondary CPUs ...
[    1.193820] smp: Brought up 1 node, 1 CPU
[    1.194804] ----------------
[    1.195520] | NMI testsuite:
[    1.195783] --------------------
[    1.196579]   remote IPI:  ok  |
[    1.196804]    local IPI:  ok  |
[    1.197706] --------------------
[    1.197783] Good, all   2 testcases passed! |
[    1.198783] ---------------------------------
[    1.199783] smpboot: Total of 1 processors activated (7500.00 BogoMIPS)
[    1.203170] devtmpfs: initialized
[    1.203874] x86/mm: Memory block size: 128MB
[    1.216019] ACPI: PM: Registering ACPI NVS region [mem 0xcf087000-0xcf087fff] (4096 bytes)
[    1.216818] ACPI: PM: Registering ACPI NVS region [mem 0xcf111000-0xcf112fff] (8192 bytes)
[    1.217786] ACPI: PM: Registering ACPI NVS region [mem 0xcfffb000-0xd0bfbfff] (12587008 bytes)
[    1.219722] ACPI: PM: Registering ACPI NVS region [mem 0xd1205000-0xd1205fff] (4096 bytes)
[    1.219807] ACPI: PM: Registering ACPI NVS region [mem 0xd6ccf000-0xd76fefff] (10682368 bytes)
[    1.221844] clocksource: jiffies: mask: 0xffffffff max_cycles: 0xffffffff, max_idle_ns: 1911260446275000 ns
[    1.222798] futex hash table entries: 256 (order: 2, 16384 bytes, linear)
[    1.224045] pinctrl core: initialized pinctrl subsystem
[    1.224892] 
[    1.225287] *************************************************************
[    1.225785] **     NOTICE NOTICE NOTICE NOTICE NOTICE NOTICE NOTICE    **
[    1.226785] **                                                         **
[    1.227785] **  IOMMU DebugFS SUPPORT HAS BEEN ENABLED IN THIS KERNEL  **
[    1.228785] **                                                         **
[    1.229785] ** This means that this kernel is built to expose internal **
[    1.230785] ** IOMMU data structures, which may compromise security on **
[    1.231785] ** your system.                                            **
[    1.232785] **                                                         **
[    1.233785] ** If you see this message and you are not debugging the   **
[    1.234785] ** kernel, report this immediately to your vendor!         **
[    1.235785] **                                                         **
[    1.236785] **     NOTICE NOTICE NOTICE NOTICE NOTICE NOTICE NOTICE    **
[    1.237785] *************************************************************
[    1.241042] NET: Registered PF_NETLINK/PF_ROUTE protocol family
[    1.242239] audit: initializing netlink subsys (disabled)
[    1.243379] thermal_sys: Registered thermal governor 'step_wise'
[    1.243391] thermal_sys: Registered thermal governor 'user_space'
[    1.243844] audit: type=2000 audit(1622937196.224:1): state=initialized audit_enabled=0 res=1
[    1.245798] cpuidle: using governor ladder
[    1.246829] cpuidle: using governor menu
[    1.248086] acpiphp: ACPI Hot Plug PCI Controller Driver version: 0.5
[    1.249167] PCI: ECAM [mem 0x100000000000-0x10000fffffff] (base 0x100000000000) for domain 0000 [bus 00-ff]
[    1.249788] PCI: ECAM [mem 0x100010000000-0x10001fffffff] (base 0x100010000000) for domain 0001 [bus 00-ff]
[    1.250790] PCI: not using ECAM ([mem 0x100000000000-0x10000fffffff] not reserved)
[    1.251817] PCI: Using configuration type 1 for base access
[    1.253161] kprobes: kprobe jump-optimization is enabled. All kprobes are optimized if possible.
[    1.346211] HugeTLB: registered 1.00 GiB page size, pre-allocated 0 pages
[    1.346785] HugeTLB: 16380 KiB vmemmap can be freed for a 1.00 GiB page
[    1.347786] HugeTLB: registered 2.00 MiB page size, pre-allocated 0 pages
[    1.348785] HugeTLB: 28 KiB vmemmap can be freed for a 2.00 MiB page
[    1.357268] Demotion targets for Node 0: null
[    1.360867] cryptd: max_cpu_qlen set to 1000
[    1.382782] raid6: avx2x4   gen()  5595 MB/s
[    1.400783] raid6: avx2x2   gen()  5532 MB/s
[    1.418783] raid6: avx2x1   gen()  4520 MB/s
[    1.419783] raid6: using algorithm avx2x4 gen() 5595 MB/s
[    1.437780] raid6: .... xor() 3425 MB/s, rmw enabled
[    1.438784] raid6: using avx2x2 recovery algorithm
[    1.440023] PRM: found 5 modules
[    1.440858] ACPI: Added _OSI(Module Device)
[    1.441784] ACPI: Added _OSI(Processor Device)
[    1.442784] ACPI: Added _OSI(3.0 _SCP Extensions)
[    1.443784] ACPI: Added _OSI(Processor Aggregator Device)
[    2.301848] ACPI: 11 ACPI AML tables successfully acquired and loaded
[    2.490728] ACPI: Dynamic OEM Table Load:
[    5.106588] ACPI: Dynamic OEM Table Load:
[    6.665395] ACPI: _OSC evaluated successfully for all CPUs
[    6.692428] ACPI: Interpreter enabled
[    6.692812] ACPI: PM: (supports S0 S5)
[    6.693728] ACPI: Using IOAPIC for interrupt routing
[    6.693811] PCI: ECAM [mem 0x100000000000-0x10000fffffff] (base 0x100000000000) for domain 0000 [bus 00-ff]
[    6.694788] PCI: ECAM [mem 0x100010000000-0x10001fffffff] (base 0x100010000000) for domain 0001 [bus 00-ff]
[    6.965579] PCI: [Firmware Info]: ECAM [mem 0x100000000000-0x10000fffffff] not reserved in ACPI motherboard resources
[    6.965788] PCI: ECAM [mem 0x100000000000-0x10000fffffff] is EfiMemoryMappedIO; assuming valid
[    6.966787] PCI: ECAM [mem 0x100000000000-0x10000fffffff] reserved to work around lack of ACPI motherboard _CRS
[    7.237573] PCI: [Firmware Info]: ECAM [mem 0x100010000000-0x10001fffffff] not reserved in ACPI motherboard resources
[    7.237788] PCI: ECAM [mem 0x100010000000-0x10001fffffff] is EfiMemoryMappedIO; assuming valid
[    7.238787] PCI: ECAM [mem 0x100010000000-0x10001fffffff] reserved to work around lack of ACPI motherboard _CRS
[    7.240001] HEST: Table parsing has been initialized.
[    7.241006] GHES: APEI firmware first mode is enabled by APEI bit and WHEA _OSC.
[    7.241788] PCI: Using host bridge windows from ACPI; if necessary, use "pci=nocrs" and report a bug
[    7.242787] PCI: Ignoring E820 reservations for host bridge windows
[    7.543034] ACPI: Enabled 1 GPEs in block 00 to 7F
[    8.237465] ACPI: \: Can't tag data node
[    8.605982] ACPI: PCI Root Bridge [PC00] (domain 0000 [bus 00-0b])
[    8.606788] acpi PNP0A08:00: _OSC: OS supports [ExtendedConfig ASPM ClockPM Segments MSI EDR HPX-Type3]
[    8.612318] acpi PNP0A08:00: _OSC: platform does not support [SHPCHotplug AER DPC]
[    8.613060] acpi PNP0A08:00: _OSC: OS now controls [PCIeHotplug PME PCIeCapability LTR]
[    8.614454] PCI host bridge to bus 0000:00
[    8.614784] pci_bus 0000:00: root bus resource [io  0x1000-0x3fff window]
[    8.615786] pci_bus 0000:00: root bus resource [mem 0xe0000000-0xe3ffffff window]
[    8.616786] pci_bus 0000:00: root bus resource [mem 0x100400000000-0x1010ffbeffff window]
[    8.617787] pci_bus 0000:00: root bus resource [io  0x0780-0x079f window]
[    8.618786] pci_bus 0000:00: root bus resource [io  0x0400-0x041f window]
[    8.619786] pci_bus 0000:00: root bus resource [io  0x0500-0x05ff window]
[    8.620786] pci_bus 0000:00: root bus resource [mem 0xf2800000-0xf2803fff window]
[    8.621786] pci_bus 0000:00: root bus resource [mem 0xf2830000-0xf2830fff window]
[    8.622786] pci_bus 0000:00: root bus resource [mem 0xf3000000-0xf3ffffff window]
[    8.623786] pci_bus 0000:00: root bus resource [bus 00-0b]
[    8.624978] pci 0000:00:00.0: [8086:09a2] type 00 class 0x088000 PCIe Root Complex Integrated Endpoint
[    8.626593] pci 0000:00:00.0: ROM [mem 0xfffff800-0xffffffff pref]
[    8.627781] pci 0000:00:00.4: [8086:0b23] type 00 class 0x000000 PCIe Root Complex Event Collector
[    8.630825] pci 0000:00:01.0: [8086:28c0] type 00 class 0x010400 PCIe Root Complex Integrated Endpoint
[    8.632109] pci 0000:00:01.0: BAR 0 [mem 0x1010e0000000-0x1010efffffff 64bit pref]
[    8.633008] pci 0000:00:01.0: BAR 2 [mem 0x1010f0b46000-0x1010f0b46fff 64bit pref]
[    8.634008] pci 0000:00:01.0: BAR 4 [mem 0x1010f0b47000-0x1010f0b47fff 64bit pref]
[    8.634927] pci 0000:00:01.0: ROM [mem 0xfffff800-0xffffffff pref]
[    8.636986] pci 0000:00:01.1: [8086:09ab] type 00 class 0x088000 conventional PCI endpoint
[    8.638592] pci 0000:00:01.1: ROM [mem 0xfffff800-0xffffffff pref]
[    8.639164] pci 0000:00:01.2: [8086:09ab] type 00 class 0x088000 conventional PCI endpoint
[    8.640592] pci 0000:00:01.2: ROM [mem 0xfffff800-0xffffffff pref]
[    8.641164] pci 0000:00:01.3: [8086:09ab] type 00 class 0x088000 conventional PCI endpoint
[    8.642592] pci 0000:00:01.3: ROM [mem 0xfffff800-0xffffffff pref]
[    8.643175] pci 0000:00:01.4: [8086:09ab] type 00 class 0x088000 conventional PCI endpoint
[    8.644592] pci 0000:00:01.4: ROM [mem 0xfffff800-0xffffffff pref]
[    8.645164] pci 0000:00:01.5: [8086:09ab] type 00 class 0x088000 conventional PCI endpoint
[    8.646592] pci 0000:00:01.5: ROM [mem 0xfffff800-0xffffffff pref]
[    8.647164] pci 0000:00:01.6: [8086:09ab] type 00 class 0x088000 conventional PCI endpoint
[    8.648592] pci 0000:00:01.6: ROM [mem 0xfffff800-0xffffffff pref]
[    8.649197] pci 0000:00:01.7: [8086:09ab] type 00 class 0x088000 conventional PCI endpoint
[    8.650592] pci 0000:00:01.7: ROM [mem 0xfffff800-0xffffffff pref]
[    8.651256] pci 0000:00:02.0: [8086:09a6] type 00 class 0x088000 PCIe Root Complex Integrated Endpoint
[    8.652069] pci 0000:00:02.0: BAR 0 [mem 0x1010f0b40000-0x1010f0b43fff 64bit]
[    8.654375] pci 0000:00:02.1: [8086:09a1] type 00 class 0x088000 PCIe Root Complex Integrated Endpoint
[    8.655109] pci 0000:00:02.1: BAR 0 [mem 0x1010f0b44000-0x1010f0b45fff 64bit]
[    8.656007] pci 0000:00:02.1: BAR 2 [mem 0x1010f0800000-0x1010f09fffff 64bit]
[    8.658309] pci 0000:00:02.2: [8086:09a8] type 00 class 0x088000 PCIe Root Complex Integrated Endpoint
[    8.659069] pci 0000:00:02.2: BAR 0 [mem 0x1010f0b4a000-0x1010f0b4a00f 64bit]
[    8.661471] pci 0000:00:03.0: [8086:3256] type 00 class 0x130000 conventional PCI endpoint
[    8.662089] pci 0000:00:03.0: BAR 0 [mem 0x1010f0a00000-0x1010f0afffff 64bit]
[    8.662967] pci 0000:00:03.0: BAR 2 [mem 0x1010f0000000-0x1010f07fffff 64bit]
[    8.663967] pci 0000:00:03.0: BAR 4 [mem 0x1010f0b49000-0x1010f0b49fff 64bit]
[    8.665728] pci 0000:00:04.0: [8086:786a] type 01 class 0x060400 PCIe Root Port
[    8.666128] pci 0000:00:04.0: BAR 0 [mem 0x1010f0b30000-0x1010f0b3ffff 64bit]
[    8.666947] pci 0000:00:04.0: PCI bridge to [bus 01]
[    8.667885] pci 0000:00:04.0:   bridge window [mem 0xe0000000-0xe07fffff]
[    8.669168] pci 0000:00:04.0: enabling Extended Tags
[    8.670644] pci 0000:00:04.0: PME# supported from D0 D3hot D3cold
[    8.671581] pci 0000:00:05.0: [8086:786b] type 01 class 0x060400 PCIe Root Port
[    8.672128] pci 0000:00:05.0: BAR 0 [mem 0x1010f0b20000-0x1010f0b2ffff 64bit]
[    8.672947] pci 0000:00:05.0: PCI bridge to [bus 02]
[    8.673885] pci 0000:00:05.0:   bridge window [mem 0xe0c00000-0xe0cfffff]
[    8.675168] pci 0000:00:05.0: enabling Extended Tags
[    8.676644] pci 0000:00:05.0: PME# supported from D0 D3hot D3cold
[    8.677556] pci 0000:00:06.0: [8086:786c] type 01 class 0x060400 PCIe Root Port
[    8.678128] pci 0000:00:06.0: BAR 0 [mem 0x1010f0b10000-0x1010f0b1ffff 64bit]
[    8.678947] pci 0000:00:06.0: PCI bridge to [bus 03]
[    8.679885] pci 0000:00:06.0:   bridge window [mem 0xe0b00000-0xe0bfffff]
[    8.681168] pci 0000:00:06.0: enabling Extended Tags
[    8.682644] pci 0000:00:06.0: PME# supported from D0 D3hot D3cold
[    8.683600] pci 0000:00:07.0: [8086:786d] type 01 class 0x060400 PCIe Root Port
[    8.684128] pci 0000:00:07.0: BAR 0 [mem 0x1010f0b00000-0x1010f0b0ffff 64bit]
[    8.684947] pci 0000:00:07.0: PCI bridge to [bus 04]
[    8.685845] pci 0000:00:07.0:   bridge window [io  0x1000-0x1fff]
[    8.686825] pci 0000:00:07.0:   bridge window [mem 0xe0800000-0xe0afffff]
[    8.688168] pci 0000:00:07.0: enabling Extended Tags
[    8.689644] pci 0000:00:07.0: PME# supported from D0 D3hot D3cold
[    8.690948] pci 0000:00:1f.0: [8086:5826] type 00 class 0x060100 conventional PCI endpoint
[    8.693728] pci 0000:00:1f.4: [8086:5827] type 00 class 0x0c0500 conventional PCI endpoint
[    8.694129] pci 0000:00:1f.4: BAR 0 [mem 0x1010f0b48000-0x1010f0b480ff 64bit]
[    8.695208] pci 0000:00:1f.4: BAR 4 [io  0x0780-0x079f]
[    8.696699] pci 0000:00:1f.5: [8086:5825] type 00 class 0x0c8000 conventional PCI endpoint
[    8.697028] pci 0000:00:1f.5: BAR 0 [mem 0xf2830000-0xf2830fff]
[    8.699684] pci 0000:01:00.0: [1234:1111] type 00 class 0x030000 conventional PCI endpoint
[    8.700048] pci 0000:01:00.0: BAR 0 [mem 0xe0000000-0xe07fffff]
[    8.701780] pci 0000:01:00.0: Video device with shadowed ROM at [mem 0x000c0000-0x000dffff]
[    8.703241] pci 0000:00:04.0: PCI bridge to [bus 01]
[    8.704823] pci 0000:02:00.0: [8086:0953] type 00 class 0x010802 PCIe Endpoint
[    8.706128] pci 0000:02:00.0: BAR 0 [mem 0xe0c08000-0xe0c0bfff 64bit]
[    8.707288] pci 0000:02:00.0: BAR 4 [mem 0xe0c00000-0xe0c07fff 64bit]
[    8.708800] pci 0000:02:00.0: PME# supported from D0 D3hot D3cold
[    8.710111] pci 0000:02:00.0: 15.753 Gb/s available PCIe bandwidth, limited by 16.0 GT/s PCIe x1 link at 0000:00:05.0 (capable of 63.012 Gb/s with 16.0 GT/s PCIe x4 link)
[    8.711311] pci 0000:00:05.0: PCI bridge to [bus 02]
[    8.712781] pci 0000:03:00.0: [8086:8c31] type 00 class 0x0c0330 conventional PCI endpoint
[    8.714088] pci 0000:03:00.0: BAR 0 [mem 0xe0b00000-0xe0b3ffff 64bit]
[    8.716234] pci 0000:00:06.0: PCI bridge to [bus 03]
[    8.717801] pci 0000:04:00.0: [8086:10f7] type 00 class 0x020000 PCIe Endpoint
[    8.719088] pci 0000:04:00.0: BAR 0 [mem 0xe0800000-0xe081ffff 64bit]
[    8.719886] pci 0000:04:00.0: BAR 2 [io  0x1000-0x101f]
[    8.720966] pci 0000:04:00.0: BAR 3 [mem 0xe0820000-0xe0823fff 64bit]
[    8.723023] pci 0000:04:00.0: VF BAR 0 [mem 0xe0824000-0xe0827fff 64bit]
[    8.723785] pci 0000:04:00.0: VF BAR 0 [mem 0xe0824000-0xe0923fff 64bit]: contains BAR 0 for 64 VFs
[    8.724828] pci 0000:04:00.0: VF BAR 3 [mem 0xe0924000-0xe0927fff 64bit]
[    8.725785] pci 0000:04:00.0: VF BAR 3 [mem 0xe0924000-0xe0a23fff 64bit]: contains BAR 3 for 64 VFs
[    8.726925] pci 0000:04:00.0: 15.753 Gb/s available PCIe bandwidth, limited by 16.0 GT/s PCIe x1 link at 0000:00:07.0 (capable of 32.000 Gb/s with 5.0 GT/s PCIe x8 link)
[    8.728058] pci 0000:04:00.0: disabling ASPM on pre-1.1 PCIe device.  You can enable it with 'pcie_aspm=force'
[    8.728932] pci 0000:00:07.0: PCI bridge to [bus 04]
[    8.730531] pci_bus 0000:00: on NUMA node 0
[    8.731609] ACPI: PCI Root Bridge [AA00] (domain 0000 [bus 0c])
[    8.731788] acpi PNP0A08:01: _OSC: OS supports [ExtendedConfig ASPM ClockPM Segments MSI EDR HPX-Type3]
[    8.735808] acpi PNP0A08:01: _OSC: platform does not support [SHPCHotplug AER DPC]
[    8.737060] acpi PNP0A08:01: _OSC: OS now controls [PCIeHotplug PME PCIeCapability LTR]
[    8.737921] PCI host bridge to bus 0000:0c
[    8.738784] pci_bus 0000:0c: root bus resource [mem 0x100100000000-0x1001ffffffff window]
[    8.739787] pci_bus 0000:0c: root bus resource [bus 0c]
[    8.740974] pci 0000:0c:00.0: [8086:1212] type 00 class 0x088000 PCIe Root Complex Integrated Endpoint
[    8.742069] pci 0000:0c:00.0: BAR 0 [mem 0x1001fff40000-0x1001fff5ffff 64bit pref]
[    8.742967] pci 0000:0c:00.0: BAR 2 [mem 0x1001fff00000-0x1001fff3ffff 64bit pref]
[    8.745881] pci_bus 0000:0c: on NUMA node 0
[    8.746896] ACPI: PCI Root Bridge [AB00] (domain 0000 [bus 0d])
[    8.747788] acpi PNP0A08:02: _OSC: OS supports [ExtendedConfig ASPM ClockPM Segments MSI EDR HPX-Type3]
[    8.751809] acpi PNP0A08:02: _OSC: platform does not support [SHPCHotplug AER DPC]
[    8.753060] acpi PNP0A08:02: _OSC: OS now controls [PCIeHotplug PME PCIeCapability LTR]
[    8.753910] PCI host bridge to bus 0000:0d
[    8.754784] pci_bus 0000:0d: root bus resource [mem 0x100200000000-0x1002ffffffff window]
[    8.755787] pci_bus 0000:0d: root bus resource [bus 0d]
[    8.756974] pci 0000:0d:00.0: [8086:1216] type 00 class 0x088000 PCIe Root Complex Integrated Endpoint
[    8.758069] pci 0000:0d:00.0: BAR 0 [mem 0x1002fff40000-0x1002fff4ffff 64bit pref]
[    8.758967] pci 0000:0d:00.0: BAR 2 [mem 0x1002fff00000-0x1002fff3ffff 64bit pref]
[    8.761861] pci_bus 0000:0d: on NUMA node 0
[    8.762896] ACPI: PCI Root Bridge [AC00] (domain 0000 [bus 0e-0f])
[    8.763788] acpi PNP0A08:03: _OSC: OS supports [ExtendedConfig ASPM ClockPM Segments MSI EDR HPX-Type3]
[    8.767796] acpi PNP0A08:03: _OSC: platform does not support [SHPCHotplug AER DPC]
[    8.769060] acpi PNP0A08:03: _OSC: OS now controls [PCIeHotplug PME PCIeCapability LTR]
[    8.769911] PCI host bridge to bus 0000:0e
[    8.770784] pci_bus 0000:0e: root bus resource [mem 0x100300000000-0x1003ffffffff window]
[    8.771787] pci_bus 0000:0e: root bus resource [bus 0e-0f]
[    8.773034] pci 0000:0e:00.0: [8086:4948] type 00 class 0x0b4000 PCIe Root Complex Integrated Endpoint
[    8.774069] pci 0000:0e:00.0: BAR 0 [mem 0x1003ffa00000-0x1003ffa7ffff 64bit]
[    8.774967] pci 0000:0e:00.0: BAR 2 [mem 0x1003ff000000-0x1003ff7fffff 64bit]
[    8.775967] pci 0000:0e:00.0: BAR 4 [mem 0x1003ff800000-0x1003ff9fffff 64bit]
[    8.777922] pci 0000:0e:00.0: VF BAR 0 [mem 0x1003ffb00000-0x1003ffb07fff 64bit]
[    8.778786] pci 0000:0e:00.0: VF BAR 0 [mem 0x1003ffb00000-0x1003ffb7ffff 64bit]: contains BAR 0 for 16 VFs
[    8.779808] pci 0000:0e:00.0: VF BAR 2 [mem 0x1003ffb80000-0x1003ffb81fff 64bit]
[    8.780786] pci 0000:0e:00.0: VF BAR 2 [mem 0x1003ffb80000-0x1003ffb9ffff 64bit]: contains BAR 2 for 16 VFs
[    8.781808] pci 0000:0e:00.0: VF BAR 4 [mem 0x1003ffa80000-0x1003ffa87fff 64bit]
[    8.782786] pci 0000:0e:00.0: VF BAR 4 [mem 0x1003ffa80000-0x1003ffafffff 64bit]: contains BAR 4 for 16 VFs
[    8.784820] pci_bus 0000:0e: on NUMA node 0
[    8.786011] ACPI: PCI Root Bridge [PC02] (domain 0001 [bus 00-0b])
[    8.786788] acpi PNP0A08:08: _OSC: OS supports [ExtendedConfig ASPM ClockPM Segments MSI EDR HPX-Type3]
[    8.791092] acpi PNP0A08:08: _OSC: platform does not support [SHPCHotplug AER DPC]
[    8.792060] acpi PNP0A08:08: _OSC: OS now controls [PCIeHotplug PME PCIeCapability LTR]
[    8.792806] PCI: pci_bus 0001:00: ignored (multiple domains not supported)
[    8.793785] acpi PNP0A08:08: Bus 0001:00 not present in PCI namespace
[    8.794862] ACPI: PCI Root Bridge [AA02] (domain 0001 [bus 0c])
[    8.795788] acpi PNP0A08:09: _OSC: OS supports [ExtendedConfig ASPM ClockPM Segments MSI EDR HPX-Type3]
[    8.799797] acpi PNP0A08:09: _OSC: platform does not support [SHPCHotplug AER DPC]
[    8.801060] acpi PNP0A08:09: _OSC: OS now controls [PCIeHotplug PME PCIeCapability LTR]
[    8.801806] PCI: pci_bus 0001:0c: ignored (multiple domains not supported)
[    8.802785] acpi PNP0A08:09: Bus 0001:0c not present in PCI namespace
[    8.803862] ACPI: PCI Root Bridge [AB02] (domain 0001 [bus 0d])
[    8.804788] acpi PNP0A08:0a: _OSC: OS supports [ExtendedConfig ASPM ClockPM Segments MSI EDR HPX-Type3]
[    8.808797] acpi PNP0A08:0a: _OSC: platform does not support [SHPCHotplug AER DPC]
[    8.810060] acpi PNP0A08:0a: _OSC: OS now controls [PCIeHotplug PME PCIeCapability LTR]
[    8.810806] PCI: pci_bus 0001:0d: ignored (multiple domains not supported)
[    8.811785] acpi PNP0A08:0a: Bus 0001:0d not present in PCI namespace
[    8.812862] ACPI: PCI Root Bridge [AC02] (domain 0001 [bus 0e-0f])
[    8.813788] acpi PNP0A08:0b: _OSC: OS supports [ExtendedConfig ASPM ClockPM Segments MSI EDR HPX-Type3]
[    8.817797] acpi PNP0A08:0b: _OSC: platform does not support [SHPCHotplug AER DPC]
[    8.819060] acpi PNP0A08:0b: _OSC: OS now controls [PCIeHotplug PME PCIeCapability LTR]
[    8.819806] PCI: pci_bus 0001:0e: ignored (multiple domains not supported)
[    8.820785] acpi PNP0A08:0b: Bus 0001:0e not present in PCI namespace
[    8.822029] ACPI: PCI Root Bridge [CC01] (domain 0000 [bus 10-5f])
[    8.822788] acpi PNP0A08:10: _OSC: OS supports [ExtendedConfig ASPM ClockPM Segments MSI EDR HPX-Type3]
[    8.828817] acpi PNP0A08:10: _OSC: platform does not support [SHPCHotplug AER DPC]
[    8.830354] acpi PNP0A08:10: _OSC: OS now controls [PCIeHotplug PME PCIeCapability LTR]
[    8.831374] PCI host bridge to bus 0000:10
[    8.831784] pci_bus 0000:10: root bus resource [mem 0xe4000000-0xe43fffff window]
[    8.832786] pci_bus 0000:10: root bus resource [mem 0x101100000000-0x1210ffeeffff window]
[    8.833787] pci_bus 0000:10: root bus resource [bus 10-5f]
[    8.834975] pci 0000:10:00.0: [8086:09a2] type 00 class 0x088000 PCIe Root Complex Integrated Endpoint
[    8.836593] pci 0000:10:00.0: ROM [mem 0xfffff800-0xffffffff pref]
[    8.837781] pci 0000:10:00.4: [8086:0b23] type 00 class 0x000000 PCIe Root Complex Event Collector
[    8.841247] pci_bus 0000:10: on NUMA node 0
[    8.842303] ACPI: PCI Root Bridge [CC03] (domain 0000 [bus 60-af])
[    8.842788] acpi PNP0A08:12: _OSC: OS supports [ExtendedConfig ASPM ClockPM Segments MSI EDR HPX-Type3]
[    8.848817] acpi PNP0A08:12: _OSC: platform does not support [SHPCHotplug AER DPC]
[    8.850354] acpi PNP0A08:12: _OSC: OS now controls [PCIeHotplug PME PCIeCapability LTR]
[    8.851363] PCI host bridge to bus 0000:60
[    8.851784] pci_bus 0000:60: root bus resource [mem 0xe4400000-0xe47fffff window]
[    8.852786] pci_bus 0000:60: root bus resource [mem 0x121100000000-0x1410ffeeffff window]
[    8.853787] pci_bus 0000:60: root bus resource [bus 60-af]
[    8.854975] pci 0000:60:00.0: [8086:09a2] type 00 class 0x088000 PCIe Root Complex Integrated Endpoint
[    8.856593] pci 0000:60:00.0: ROM [mem 0xfffff800-0xffffffff pref]
[    8.857728] pci 0000:60:00.4: [8086:0b23] type 00 class 0x000000 PCIe Root Complex Event Collector
[    8.861247] pci_bus 0000:60: on NUMA node 0
[    8.862193] ACPI: PCI Root Bridge [CC04] (domain 0000 [bus b0-ff])
[    8.862788] acpi ACPI0016:03: _OSC: OS supports [ExtendedConfig ASPM ClockPM Segments MSI EDR HPX-Type3]
[    8.863788] acpi ACPI0016:03: _OSC: OS supports [CXL11PortRegAccess CXL20PortDevRegAccess CXLProtocolErrorReporting CXLNativeHot]
[    8.868477] acpi ACPI0016:03: _OSC: platform does not support [SHPCHotplug AER DPC]
[    8.868786] acpi ACPI0016:03: _OSC: CXL platform does not support [CXLMemErrorReporting]
[    8.870578] acpi ACPI0016:03: _OSC: OS now controls [PCIeHotplug PME PCIeCapability LTR]
[    8.871363] PCI host bridge to bus 0000:b0
[    8.871784] pci_bus 0000:b0: root bus resource [mem 0xe4800000-0xe4bfffff window]
[    8.872786] pci_bus 0000:b0: root bus resource [mem 0x141100000000-0x1610ffeeffff window]
[    8.873787] pci_bus 0000:b0: root bus resource [bus b0-ff]
[    8.874975] pci 0000:b0:00.0: [8086:09a2] type 00 class 0x088000 PCIe Root Complex Integrated Endpoint
[    8.876592] pci 0000:b0:00.0: ROM [mem 0xfffff800-0xffffffff pref]
[    8.877781] pci 0000:b0:00.4: [8086:0b23] type 00 class 0x000000 PCIe Root Complex Event Collector
[    8.881247] pci_bus 0000:b0: on NUMA node 0
[    8.882201] ACPI: PCI Root Bridge [CC09] (domain 0001 [bus 10-5f])
[    8.882788] acpi PNP0A08:13: _OSC: OS supports [ExtendedConfig ASPM ClockPM Segments MSI EDR HPX-Type3]
[    8.888815] acpi PNP0A08:13: _OSC: platform does not support [SHPCHotplug AER DPC]
[    8.890354] acpi PNP0A08:13: _OSC: OS now controls [PCIeHotplug PME PCIeCapability LTR]
[    8.890805] PCI: pci_bus 0001:10: ignored (multiple domains not supported)
[    8.891785] acpi PNP0A08:13: Bus 0001:10 not present in PCI namespace
[    8.893033] ACPI: PCI Root Bridge [CC0B] (domain 0001 [bus 60-af])
[    8.893788] acpi PNP0A08:15: _OSC: OS supports [ExtendedConfig ASPM ClockPM Segments MSI EDR HPX-Type3]
[    8.899815] acpi PNP0A08:15: _OSC: platform does not support [SHPCHotplug AER DPC]
[    8.901354] acpi PNP0A08:15: _OSC: OS now controls [PCIeHotplug PME PCIeCapability LTR]
[    8.901805] PCI: pci_bus 0001:60: ignored (multiple domains not supported)
[    8.902785] acpi PNP0A08:15: Bus 0001:60 not present in PCI namespace
[    8.903931] ACPI: PCI Root Bridge [CC0C] (domain 0001 [bus b0-ff])
[    8.904788] acpi PNP0A08:16: _OSC: OS supports [ExtendedConfig ASPM ClockPM Segments MSI EDR HPX-Type3]
[    8.910815] acpi PNP0A08:16: _OSC: platform does not support [SHPCHotplug AER DPC]
[    8.912354] acpi PNP0A08:16: _OSC: OS now controls [PCIeHotplug PME PCIeCapability LTR]
[    8.912805] PCI: pci_bus 0001:b0: ignored (multiple domains not supported)
[    8.913785] acpi PNP0A08:16: Bus 0001:b0 not present in PCI namespace
[    8.920575] acpi/hmat: Memory Flags:0001 Processor Domain:0 Memory Domain:0
[    8.920786] acpi/hmat: Locality: Flags:00 Type:Read Latency Initiator Domains:2 Target Domains:2 Base:100
[    8.921787] acpi/hmat:   Initiator-Target[0-0]:91 nsec
[    8.922784] acpi/hmat:   Initiator-Target[0-1]:220 nsec
[    8.923784] acpi/hmat:   Initiator-Target[1-0]:91 nsec
[    8.924784] acpi/hmat:   Initiator-Target[1-1]:1 nsec
[    8.925784] acpi/hmat: Locality: Flags:00 Type:Write Latency Initiator Domains:2 Target Domains:2 Base:100
[    8.926787] acpi/hmat:   Initiator-Target[0-0]:91 nsec
[    8.927784] acpi/hmat:   Initiator-Target[0-1]:220 nsec
[    8.928784] acpi/hmat:   Initiator-Target[1-0]:91 nsec
[    8.929784] acpi/hmat:   Initiator-Target[1-1]:1 nsec
[    8.930784] acpi/hmat: Locality: Flags:00 Type:Read Bandwidth Initiator Domains:2 Target Domains:2 Base:1024
[    8.931787] acpi/hmat:   Initiator-Target[0-0]:262144 MB/s
[    8.932784] acpi/hmat:   Initiator-Target[0-1]:65536 MB/s
[    8.933784] acpi/hmat:   Initiator-Target[1-0]:262144 MB/s
[    8.934784] acpi/hmat:   Initiator-Target[1-1]:67106816 MB/s
[    8.935784] acpi/hmat: Locality: Flags:00 Type:Write Bandwidth Initiator Domains:2 Target Domains:2 Base:1024
[    8.936787] acpi/hmat:   Initiator-Target[0-0]:176128 MB/s
[    8.937784] acpi/hmat:   Initiator-Target[0-1]:65536 MB/s
[    8.938784] acpi/hmat:   Initiator-Target[1-0]:176128 MB/s
[    8.939784] acpi/hmat:   Initiator-Target[1-1]:67106816 MB/s
[    8.941120] iommu: Default domain type: Translated
[    8.941815] iommu: DMA domain TLB invalidation policy: lazy mode
[    8.943094] SCSI subsystem initialized
[    8.943976] libata version 3.00 loaded.
[    8.944887] ACPI: bus type USB registered
[    8.945805] usbcore: registered new interface driver usbfs
[    8.946794] usbcore: registered new interface driver hub
[    8.947835] usbcore: registered new device driver usb
[    8.948865] mc: Linux media interface: v0.10
[    8.949840] videodev: Linux video capture interface: v2.00
[    8.950814] pps_core: LinuxPPS API ver. 1 registered
[    8.951784] pps_core: Software ver. 5.3.6 - Copyright 2005-2007 Rodolfo Giometti <giometti@linux.it>
[    8.952800] PTP clock support registered
[    8.954134] EDAC MC: Ver: 3.0.0
[    8.956348] EDAC DEBUG: edac_mc_sysfs_init: device mc created
[    8.957144] efivars: Registered efivars operations
[    8.958146] Advanced Linux Sound Architecture Driver Initialized.
[    8.959348] Bluetooth: Core ver 2.22
[    8.959788] NET: Registered PF_BLUETOOTH protocol family
[    8.960784] Bluetooth: HCI device and connection manager initialized
[    8.961785] Bluetooth: HCI socket layer initialized
[    8.962785] Bluetooth: L2CAP socket layer initialized
[    8.963786] Bluetooth: SCO socket layer initialized
[    8.964917] PCI: Using ACPI for IRQ routing
[    9.125779] PCI: pci_cache_line_size set to 64 bytes
[    9.128195] e820: reserve RAM buffer [mem 0xbff2d000-0xbfffffff]
[    9.128785] e820: reserve RAM buffer [mem 0xc0508000-0xc3ffffff]
[    9.129785] e820: reserve RAM buffer [mem 0xc0838000-0xc3ffffff]
[    9.130785] e820: reserve RAM buffer [mem 0xc0f61000-0xc3ffffff]
[    9.131785] e820: reserve RAM buffer [mem 0xc149b000-0xc3ffffff]
[    9.132785] e820: reserve RAM buffer [mem 0xca043000-0xcbffffff]
[    9.133785] e820: reserve RAM buffer [mem 0xcd41f000-0xcfffffff]
[    9.134787] e820: reserve RAM buffer [mem 0xcd422000-0xcfffffff]
[    9.135787] e820: reserve RAM buffer [mem 0xcd46b000-0xcfffffff]
[    9.136786] e820: reserve RAM buffer [mem 0xcd474000-0xcfffffff]
[    9.137786] e820: reserve RAM buffer [mem 0xcee48000-0xcfffffff]
[    9.138786] e820: reserve RAM buffer [mem 0xcee4a000-0xcfffffff]
[    9.139786] e820: reserve RAM buffer [mem 0xcf087000-0xcfffffff]
[    9.140786] e820: reserve RAM buffer [mem 0xcf10d000-0xcfffffff]
[    9.141785] e820: reserve RAM buffer [mem 0xcfffb000-0xcfffffff]
[    9.142785] e820: reserve RAM buffer [mem 0xd0c05000-0xd3ffffff]
[    9.143790] e820: reserve RAM buffer [mem 0xd1bbd000-0xd3ffffff]
[    9.144789] e820: reserve RAM buffer [mem 0xd1bed000-0xd3ffffff]
[    9.145789] e820: reserve RAM buffer [mem 0xd28b6000-0xd3ffffff]
[    9.146789] e820: reserve RAM buffer [mem 0xd2972000-0xd3ffffff]
[    9.147788] e820: reserve RAM buffer [mem 0xd2f4e000-0xd3ffffff]
[    9.148788] e820: reserve RAM buffer [mem 0xd31f6000-0xd3ffffff]
[    9.149788] e820: reserve RAM buffer [mem 0xd31fe000-0xd3ffffff]
[    9.150787] e820: reserve RAM buffer [mem 0xd321e000-0xd3ffffff]
[    9.151787] e820: reserve RAM buffer [mem 0xd354a000-0xd3ffffff]
[    9.152786] e820: reserve RAM buffer [mem 0xd3553000-0xd3ffffff]
[    9.153786] e820: reserve RAM buffer [mem 0xd35aa000-0xd3ffffff]
[    9.154785] e820: reserve RAM buffer [mem 0xd69cf000-0xd7ffffff]
[    9.155786] e820: reserve RAM buffer [mem 0xd7800000-0xd7ffffff]
[    9.156785] e820: reserve RAM buffer [mem 0x7ff000000-0x7ffffffff]
[    9.158157] pci 0000:01:00.0: vgaarb: setting as boot VGA device
[    9.158728] pci 0000:01:00.0: vgaarb: bridge control possible
[    9.158728] pci 0000:01:00.0: vgaarb: VGA device added: decodes=io+mem,owns=io+mem,locks=none
[    9.158784] vgaarb: loaded
[    9.159728] hpet0: at MMIO 0xfed00000, IRQs 2, 8, 0, 0, 0, 0, 0, 0
[    9.160785] hpet0: 8 comparators, 64-bit 25.000000 MHz counter
[    9.163956] clocksource: Switched to clocksource tsc-early
[    9.166198] pnp: PnP ACPI init
[    9.245107] system 00:02: [io  0x0600-0x061f] has been reserved
[    9.246687] system 00:02: [io  0x0ca0-0x0ca1] has been reserved
[    9.248222] system 00:02: [io  0x0ca4-0x0ca6] has been reserved
[    9.249757] system 00:02: [mem 0xff000000-0xffffffff] has been reserved
[    9.259624] pnp: PnP ACPI: found 4 devices
[    9.274988] clocksource: acpi_pm: mask: 0xffffff max_cycles: 0xffffff, max_idle_ns: 2085701024 ns
[    9.277618] NET: Registered PF_INET protocol family
[    9.278954] IP idents hash table entries: 262144 (order: 9, 2097152 bytes, linear)
[    9.330879] tcp_listen_portaddr_hash hash table entries: 16384 (order: 7, 524288 bytes, linear)
[    9.333246] Table-perturb hash table entries: 65536 (order: 6, 262144 bytes, linear)
[    9.335205] TCP established hash table entries: 262144 (order: 9, 2097152 bytes, linear)
[    9.338285] TCP bind hash table entries: 65536 (order: 10, 4194304 bytes, linear)
[    9.341552] TCP: Hash tables configured (established 262144 bind 65536)
[    9.343302] UDP hash table entries: 16384 (order: 8, 1572864 bytes, linear)
[    9.345606] UDP-Lite hash table entries: 16384 (order: 8, 1572864 bytes, linear)
[    9.347906] NET: Registered PF_UNIX/PF_LOCAL protocol family
[    9.349530] pci 0000:00:00.0: ROM [mem 0xfffff800-0xffffffff pref]: can't claim; no compatible bridge window
[    9.351971] pci 0000:00:01.0: ROM [mem 0xfffff800-0xffffffff pref]: can't claim; no compatible bridge window
[    9.354492] pci 0000:00:01.1: ROM [mem 0xfffff800-0xffffffff pref]: can't claim; no compatible bridge window
[    9.356932] pci 0000:00:01.2: ROM [mem 0xfffff800-0xffffffff pref]: can't claim; no compatible bridge window
[    9.359484] pci 0000:00:01.3: ROM [mem 0xfffff800-0xffffffff pref]: can't claim; no compatible bridge window
[    9.361925] pci 0000:00:01.4: ROM [mem 0xfffff800-0xffffffff pref]: can't claim; no compatible bridge window
[    9.364477] pci 0000:00:01.5: ROM [mem 0xfffff800-0xffffffff pref]: can't claim; no compatible bridge window
[    9.366917] pci 0000:00:01.6: ROM [mem 0xfffff800-0xffffffff pref]: can't claim; no compatible bridge window
[    9.369469] pci 0000:00:01.7: ROM [mem 0xfffff800-0xffffffff pref]: can't claim; no compatible bridge window
[    9.371909] pci 0000:10:00.0: ROM [mem 0xfffff800-0xffffffff pref]: can't claim; no compatible bridge window
[    9.374349] pci 0000:60:00.0: ROM [mem 0xfffff800-0xffffffff pref]: can't claim; no compatible bridge window
[    9.376901] pci 0000:b0:00.0: ROM [mem 0xfffff800-0xffffffff pref]: can't claim; no compatible bridge window
[    9.379350] pci 0000:00:00.0: ROM [mem 0xe0d00000-0xe0d007ff pref]: assigned
[    9.381259] pci 0000:00:01.0: ROM [mem 0xe0d00800-0xe0d00fff pref]: assigned
[    9.383056] pci 0000:00:01.1: ROM [mem 0xe0d01000-0xe0d017ff pref]: assigned
[    9.384853] pci 0000:00:01.2: ROM [mem 0xe0d01800-0xe0d01fff pref]: assigned
[    9.386650] pci 0000:00:01.3: ROM [mem 0xe0d02000-0xe0d027ff pref]: assigned
[    9.388447] pci 0000:00:01.4: ROM [mem 0xe0d02800-0xe0d02fff pref]: assigned
[    9.390244] pci 0000:00:01.5: ROM [mem 0xe0d03000-0xe0d037ff pref]: assigned
[    9.392042] pci 0000:00:01.6: ROM [mem 0xe0d03800-0xe0d03fff pref]: assigned
[    9.393839] pci 0000:00:01.7: ROM [mem 0xe0d04000-0xe0d047ff pref]: assigned
[    9.395638] pci 0000:00:04.0: PCI bridge to [bus 01]
[    9.397011] pci 0000:00:04.0:   bridge window [mem 0xe0000000-0xe07fffff]
[    9.398868] pci 0000:00:05.0: PCI bridge to [bus 02]
[    9.400242] pci 0000:00:05.0:   bridge window [mem 0xe0c00000-0xe0cfffff]
[    9.402099] pci 0000:00:06.0: PCI bridge to [bus 03]
[    9.403554] pci 0000:00:06.0:   bridge window [mem 0xe0b00000-0xe0bfffff]
[    9.405523] pci 0000:00:07.0: PCI bridge to [bus 04]
[    9.406856] pci 0000:00:07.0:   bridge window [io  0x1000-0x1fff]
[    9.408573] pci 0000:00:07.0:   bridge window [mem 0xe0800000-0xe0afffff]
[    9.410542] pci_bus 0000:00: resource 4 [io  0x1000-0x3fff window]
[    9.412137] pci_bus 0000:00: resource 5 [mem 0xe0000000-0xe3ffffff window]
[    9.413894] pci_bus 0000:00: resource 6 [mem 0x100400000000-0x1010ffbeffff window]
[    9.415811] pci_bus 0000:00: resource 7 [io  0x0780-0x079f window]
[    9.417488] pci_bus 0000:00: resource 8 [io  0x0400-0x041f window]
[    9.419083] pci_bus 0000:00: resource 9 [io  0x0500-0x05ff window]
[    9.420678] pci_bus 0000:00: resource 10 [mem 0xf2800000-0xf2803fff window]
[    9.422455] pci_bus 0000:00: resource 11 [mem 0xf2830000-0xf2830fff window]
[    9.424231] pci_bus 0000:00: resource 12 [mem 0xf3000000-0xf3ffffff window]
[    9.426007] pci_bus 0000:01: resource 1 [mem 0xe0000000-0xe07fffff]
[    9.427623] pci_bus 0000:02: resource 1 [mem 0xe0c00000-0xe0cfffff]
[    9.429238] pci_bus 0000:03: resource 1 [mem 0xe0b00000-0xe0bfffff]
[    9.430854] pci_bus 0000:04: resource 0 [io  0x1000-0x1fff]
[    9.432308] pci_bus 0000:04: resource 1 [mem 0xe0800000-0xe0afffff]
[    9.433957] pci_bus 0000:0c: resource 4 [mem 0x100100000000-0x1001ffffffff window]
[    9.435897] pci_bus 0000:0d: resource 4 [mem 0x100200000000-0x1002ffffffff window]
[    9.437816] pci_bus 0000:0e: resource 4 [mem 0x100300000000-0x1003ffffffff window]
[    9.439736] pci 0000:10:00.0: ROM [mem 0xe4000000-0xe40007ff pref]: assigned
[    9.441533] pci_bus 0000:10: resource 4 [mem 0xe4000000-0xe43fffff window]
[    9.443289] pci_bus 0000:10: resource 5 [mem 0x101100000000-0x1210ffeeffff window]
[    9.445478] pci 0000:60:00.0: ROM [mem 0xe4400000-0xe44007ff pref]: assigned
[    9.447274] pci_bus 0000:60: resource 4 [mem 0xe4400000-0xe47fffff window]
[    9.449031] pci_bus 0000:60: resource 5 [mem 0x121100000000-0x1410ffeeffff window]
[    9.451075] pci 0000:b0:00.0: ROM [mem 0xe4800000-0xe48007ff pref]: assigned
[    9.452872] pci_bus 0000:b0: resource 4 [mem 0xe4800000-0xe4bfffff window]
[    9.454628] pci_bus 0000:b0: resource 5 [mem 0x141100000000-0x1610ffeeffff window]
[    9.457688] pci 0000:03:00.0: enabling device (0150 -> 0152)
[    9.459978] PCI: CLS 0 bytes, default 64
[    9.461191] DMAR: No RMRR found
[    9.462081] DMAR: dmar7: Using Queued invalidation
[    9.463526] DMAR: dmar2: Using Queued invalidation
[    9.464798] DMAR: dmar1: Using Queued invalidation
[    9.466070] DMAR: dmar0: Using Queued invalidation
[    9.467624] Trying to unpack rootfs image as initramfs...
[    9.474751] pci 0000:00:00.0: Adding to iommu group 0
[    9.476161] pci 0000:00:00.4: Adding to iommu group 1
[    9.477545] pci 0000:00:01.0: Adding to iommu group 2
[    9.479044] pci 0000:00:01.1: Adding to iommu group 3
[    9.480517] pci 0000:00:01.2: Adding to iommu group 3
[    9.481900] pci 0000:00:01.3: Adding to iommu group 3
[    9.483261] pci 0000:00:01.4: Adding to iommu group 3
[    9.484622] pci 0000:00:01.5: Adding to iommu group 3
[    9.485983] pci 0000:00:01.6: Adding to iommu group 3
[    9.487344] pci 0000:00:01.7: Adding to iommu group 3
[    9.488842] pci 0000:00:02.0: Adding to iommu group 4
[    9.490222] pci 0000:00:02.1: Adding to iommu group 5
[    9.491596] pci 0000:00:02.2: Adding to iommu group 6
[    9.492959] pci 0000:00:03.0: Adding to iommu group 7
[    9.494334] pci 0000:00:04.0: Adding to iommu group 8
[    9.495709] pci 0000:00:05.0: Adding to iommu group 9
[    9.497072] pci 0000:00:06.0: Adding to iommu group 10
[    9.498548] pci 0000:00:07.0: Adding to iommu group 11
[    9.499976] pci 0000:00:1f.0: Adding to iommu group 12
[    9.501475] pci 0000:00:1f.4: Adding to iommu group 12
[    9.502873] pci 0000:00:1f.5: Adding to iommu group 12
[    9.504258] pci 0000:01:00.0: Adding to iommu group 13
[    9.505665] pci 0000:02:00.0: Adding to iommu group 14
[    9.507049] pci 0000:03:00.0: Adding to iommu group 15
[    9.508516] pci 0000:04:00.0: Adding to iommu group 16
[    9.509911] pci 0000:0c:00.0: Adding to iommu group 17
[    9.511307] pci 0000:0d:00.0: Adding to iommu group 18
[    9.512691] pci 0000:0e:00.0: Adding to iommu group 19
[    9.552102] pci 0000:b0:00.0: Adding to iommu group 20
[    9.553543] pci 0000:b0:00.4: Adding to iommu group 21
[    9.557120] pci 0000:60:00.0: Adding to iommu group 22
[    9.558550] pci 0000:60:00.4: Adding to iommu group 23
[    9.563026] pci 0000:10:00.0: Adding to iommu group 24
[    9.564613] pci 0000:10:00.4: Adding to iommu group 25
[    9.567981] DMAR: Intel(R) Virtualization Technology for Directed I/O
